Archive member included to satisfy reference by file (symbol)

D:/App/ST/STM32CubeIDE_1.16.0/STM32CubeIDE/plugins/com.st.stm32cube.ide.mcu.externaltools.gnu-tools-for-stm32.12.3.rel1.win32_1.0.200.202406191623/tools/bin/../lib/gcc/arm-none-eabi/12.3.1/../../../../arm-none-eabi/lib/thumb/v7e-m+fp/hard\libc_nano.a(libc_a-exit.o)
                              D:/App/ST/STM32CubeIDE_1.16.0/STM32CubeIDE/plugins/com.st.stm32cube.ide.mcu.externaltools.gnu-tools-for-stm32.12.3.rel1.win32_1.0.200.202406191623/tools/bin/../lib/gcc/arm-none-eabi/12.3.1/../../../../arm-none-eabi/lib/thumb/v7e-m+fp/hard/crt0.o (exit)
D:/App/ST/STM32CubeIDE_1.16.0/STM32CubeIDE/plugins/com.st.stm32cube.ide.mcu.externaltools.gnu-tools-for-stm32.12.3.rel1.win32_1.0.200.202406191623/tools/bin/../lib/gcc/arm-none-eabi/12.3.1/../../../../arm-none-eabi/lib/thumb/v7e-m+fp/hard\libc_nano.a(libc_a-findfp.o)
                              D:/App/ST/STM32CubeIDE_1.16.0/STM32CubeIDE/plugins/com.st.stm32cube.ide.mcu.externaltools.gnu-tools-for-stm32.12.3.rel1.win32_1.0.200.202406191623/tools/bin/../lib/gcc/arm-none-eabi/12.3.1/../../../../arm-none-eabi/lib/thumb/v7e-m+fp/hard\libc_nano.a(libc_a-exit.o) (__stdio_exit_handler)
D:/App/ST/STM32CubeIDE_1.16.0/STM32CubeIDE/plugins/com.st.stm32cube.ide.mcu.externaltools.gnu-tools-for-stm32.12.3.rel1.win32_1.0.200.202406191623/tools/bin/../lib/gcc/arm-none-eabi/12.3.1/../../../../arm-none-eabi/lib/thumb/v7e-m+fp/hard\libc_nano.a(libc_a-fwalk.o)
                              D:/App/ST/STM32CubeIDE_1.16.0/STM32CubeIDE/plugins/com.st.stm32cube.ide.mcu.externaltools.gnu-tools-for-stm32.12.3.rel1.win32_1.0.200.202406191623/tools/bin/../lib/gcc/arm-none-eabi/12.3.1/../../../../arm-none-eabi/lib/thumb/v7e-m+fp/hard\libc_nano.a(libc_a-findfp.o) (_fwalk_sglue)
D:/App/ST/STM32CubeIDE_1.16.0/STM32CubeIDE/plugins/com.st.stm32cube.ide.mcu.externaltools.gnu-tools-for-stm32.12.3.rel1.win32_1.0.200.202406191623/tools/bin/../lib/gcc/arm-none-eabi/12.3.1/../../../../arm-none-eabi/lib/thumb/v7e-m+fp/hard\libc_nano.a(libc_a-puts.o)
                              ./Core/Src/main.o (puts)
D:/App/ST/STM32CubeIDE_1.16.0/STM32CubeIDE/plugins/com.st.stm32cube.ide.mcu.externaltools.gnu-tools-for-stm32.12.3.rel1.win32_1.0.200.202406191623/tools/bin/../lib/gcc/arm-none-eabi/12.3.1/../../../../arm-none-eabi/lib/thumb/v7e-m+fp/hard\libc_nano.a(libc_a-stdio.o)
                              D:/App/ST/STM32CubeIDE_1.16.0/STM32CubeIDE/plugins/com.st.stm32cube.ide.mcu.externaltools.gnu-tools-for-stm32.12.3.rel1.win32_1.0.200.202406191623/tools/bin/../lib/gcc/arm-none-eabi/12.3.1/../../../../arm-none-eabi/lib/thumb/v7e-m+fp/hard\libc_nano.a(libc_a-findfp.o) (__sread)
D:/App/ST/STM32CubeIDE_1.16.0/STM32CubeIDE/plugins/com.st.stm32cube.ide.mcu.externaltools.gnu-tools-for-stm32.12.3.rel1.win32_1.0.200.202406191623/tools/bin/../lib/gcc/arm-none-eabi/12.3.1/../../../../arm-none-eabi/lib/thumb/v7e-m+fp/hard\libc_nano.a(libc_a-wbuf.o)
                              D:/App/ST/STM32CubeIDE_1.16.0/STM32CubeIDE/plugins/com.st.stm32cube.ide.mcu.externaltools.gnu-tools-for-stm32.12.3.rel1.win32_1.0.200.202406191623/tools/bin/../lib/gcc/arm-none-eabi/12.3.1/../../../../arm-none-eabi/lib/thumb/v7e-m+fp/hard\libc_nano.a(libc_a-puts.o) (__swbuf_r)
D:/App/ST/STM32CubeIDE_1.16.0/STM32CubeIDE/plugins/com.st.stm32cube.ide.mcu.externaltools.gnu-tools-for-stm32.12.3.rel1.win32_1.0.200.202406191623/tools/bin/../lib/gcc/arm-none-eabi/12.3.1/../../../../arm-none-eabi/lib/thumb/v7e-m+fp/hard\libc_nano.a(libc_a-wsetup.o)
                              D:/App/ST/STM32CubeIDE_1.16.0/STM32CubeIDE/plugins/com.st.stm32cube.ide.mcu.externaltools.gnu-tools-for-stm32.12.3.rel1.win32_1.0.200.202406191623/tools/bin/../lib/gcc/arm-none-eabi/12.3.1/../../../../arm-none-eabi/lib/thumb/v7e-m+fp/hard\libc_nano.a(libc_a-puts.o) (__swsetup_r)
D:/App/ST/STM32CubeIDE_1.16.0/STM32CubeIDE/plugins/com.st.stm32cube.ide.mcu.externaltools.gnu-tools-for-stm32.12.3.rel1.win32_1.0.200.202406191623/tools/bin/../lib/gcc/arm-none-eabi/12.3.1/../../../../arm-none-eabi/lib/thumb/v7e-m+fp/hard\libc_nano.a(libc_a-memset.o)
                              D:/App/ST/STM32CubeIDE_1.16.0/STM32CubeIDE/plugins/com.st.stm32cube.ide.mcu.externaltools.gnu-tools-for-stm32.12.3.rel1.win32_1.0.200.202406191623/tools/bin/../lib/gcc/arm-none-eabi/12.3.1/../../../../arm-none-eabi/lib/thumb/v7e-m+fp/hard/crt0.o (memset)
D:/App/ST/STM32CubeIDE_1.16.0/STM32CubeIDE/plugins/com.st.stm32cube.ide.mcu.externaltools.gnu-tools-for-stm32.12.3.rel1.win32_1.0.200.202406191623/tools/bin/../lib/gcc/arm-none-eabi/12.3.1/../../../../arm-none-eabi/lib/thumb/v7e-m+fp/hard\libc_nano.a(libc_a-closer.o)
                              D:/App/ST/STM32CubeIDE_1.16.0/STM32CubeIDE/plugins/com.st.stm32cube.ide.mcu.externaltools.gnu-tools-for-stm32.12.3.rel1.win32_1.0.200.202406191623/tools/bin/../lib/gcc/arm-none-eabi/12.3.1/../../../../arm-none-eabi/lib/thumb/v7e-m+fp/hard\libc_nano.a(libc_a-stdio.o) (_close_r)
[...]
Memory Configuration

Name             Origin             Length             Attributes
CCMRAM           0x10000000         0x00010000         xrw
RAM              0x20000000         0x00030000         xrw
FLASH            0x08000000         0x00200000         xr
*default*        0x00000000         0xffffffff

Linker script and memory map

LOAD D:/App/ST/STM32CubeIDE_1.16.0/STM32CubeIDE/plugins/com.st.stm32cube.ide.mcu.externaltools.gnu-tools-for-stm32.12.3.rel1.win32_1.0.200.202406191623/tools/bin/../lib/gcc/arm-none-eabi/12.3.1/thumb/v7e-m+fp/hard/crti.o
LOAD D:/App/ST/STM32CubeIDE_1.16.0/STM32CubeIDE/plugins/com.st.stm32cube.ide.mcu.externaltools.gnu-tools-for-stm32.12.3.rel1.win32_1.0.200.202406191623/tools/bin/../lib/gcc/arm-none-eabi/12.3.1/thumb/v7e-m+fp/hard/crtbegin.o
LOAD D:/App/ST/STM32CubeIDE_1.16.0/STM32CubeIDE/plugins/com.st.stm32cube.ide.mcu.externaltools.gnu-tools-for-stm32.12.3.rel1.win32_1.0.200.202406191623/tools/bin/../lib/gcc/arm-none-eabi/12.3.1/../../../../arm-none-eabi/lib/thumb/v7e-m+fp/hard/crt0.o
LOAD ./Core/Src/main.o
LOAD ./Core/Src/stm32f4xx_hal_msp.o
LOAD ./Core/Src/stm32f4xx_it.o
LOAD ./Core/Src/syscalls.o
LOAD ./Core/Src/system_stm32f4xx.o
LOAD ./Core/Startup/startup_stm32f429zitx.o
LOAD ./Drivers/STM32F4xx_HAL_Driver/Src/stm32f4xx_hal.o
LOAD ./Drivers/STM32F4xx_HAL_Driver/Src/stm32f4xx_hal_cortex.o
LOAD ./Drivers/STM32F4xx_HAL_Driver/Src/stm32f4xx_hal_dma.o
LOAD ./Drivers/STM32F4xx_HAL_Driver/Src/stm32f4xx_hal_dma_ex.o
LOAD ./Drivers/STM32F4xx_HAL_Driver/Src/stm32f4xx_hal_exti.o
LOAD ./Drivers/STM32F4xx_HAL_Driver/Src/stm32f4xx_hal_flash.o
LOAD ./Drivers/STM32F4xx_HAL_Driver/Src/stm32f4xx_hal_flash_ex.o
LOAD ./Drivers/STM32F4xx_HAL_Driver/Src/stm32f4xx_hal_flash_ramfunc.o
LOAD ./Drivers/STM32F4xx_HAL_Driver/Src/stm32f4xx_hal_gpio.o
LOAD ./Drivers/STM32F4xx_HAL_Driver/Src/stm32f4xx_hal_pwr.o
LOAD ./Drivers/STM32F4xx_HAL_Driver/Src/stm32f4xx_hal_pwr_ex.o
LOAD ./Drivers/STM32F4xx_HAL_Driver/Src/stm32f4xx_hal_rcc.o
LOAD ./Drivers/STM32F4xx_HAL_Driver/Src/stm32f4xx_hal_rcc_ex.o
LOAD ./Drivers/STM32F4xx_HAL_Driver/Src/stm32f4xx_hal_tim.o
LOAD ./Drivers/STM32F4xx_HAL_Driver/Src/stm32f4xx_hal_tim_ex.o
LOAD ./FreeRTOS/croutine.o
LOAD ./FreeRTOS/event_groups.o
LOAD ./FreeRTOS/list.o
LOAD ./FreeRTOS/queue.o
LOAD ./FreeRTOS/stream_buffer.o
LOAD ./FreeRTOS/tasks.o
LOAD ./FreeRTOS/timers.o
LOAD ./FreeRTOS/portable/GCC/ARM_CM4F/port.o
LOAD ./FreeRTOS/portable/MemMang/heap_4.o
START GROUP
LOAD D:/App/ST/STM32CubeIDE_1.16.0/STM32CubeIDE/plugins/com.st.stm32cube.ide.mcu.externaltools.gnu-tools-for-stm32.12.3.rel1.win32_1.0.200.202406191623/tools/bin/../lib/gcc/arm-none-eabi/12.3.1/../../../../arm-none-eabi/lib/thumb/v7e-m+fp/hard\libc_nano.a
LOAD D:/App/ST/STM32CubeIDE_1.16.0/STM32CubeIDE/plugins/com.st.stm32cube.ide.mcu.externaltools.gnu-tools-for-stm32.12.3.rel1.win32_1.0.200.202406191623/tools/bin/../lib/gcc/arm-none-eabi/12.3.1/../../../../arm-none-eabi/lib/thumb/v7e-m+fp/hard\libm.a
END GROUP
START GROUP
LOAD D:/App/ST/STM32CubeIDE_1.16.0/STM32CubeIDE/plugins/com.st.stm32cube.ide.mcu.externaltools.gnu-tools-for-stm32.12.3.rel1.win32_1.0.200.202406191623/tools/bin/../lib/gcc/arm-none-eabi/12.3.1/thumb/v7e-m+fp/hard\libgcc.a
LOAD D:/App/ST/STM32CubeIDE_1.16.0/STM32CubeIDE/plugins/com.st.stm32cube.ide.mcu.externaltools.gnu-tools-for-stm32.12.3.rel1.win32_1.0.200.202406191623/tools/bin/../lib/gcc/arm-none-eabi/12.3.1/../../../../arm-none-eabi/lib/thumb/v7e-m+fp/hard\libc_nano.a
END GROUP
START GROUP
LOAD D:/App/ST/STM32CubeIDE_1.16.0/STM32CubeIDE/plugins/com.st.stm32cube.ide.mcu.externaltools.gnu-tools-for-stm32.12.3.rel1.win32_1.0.200.202406191623/tools/bin/../lib/gcc/arm-none-eabi/12.3.1/thumb/v7e-m+fp/hard\libgcc.a
LOAD D:/App/ST/STM32CubeIDE_1.16.0/STM32CubeIDE/plugins/com.st.stm32cube.ide.mcu.externaltools.gnu-tools-for-stm32.12.3.rel1.win32_1.0.200.202406191623/tools/bin/../lib/gcc/arm-none-eabi/12.3.1/../../../../arm-none-eabi/lib/thumb/v7e-m+fp/hard\libc_nano.a
LOAD D:/App/ST/STM32CubeIDE_1.16.0/STM32CubeIDE/plugins/com.st.stm32cube.ide.mcu.externaltools.gnu-tools-for-stm32.12.3.rel1.win32_1.0.200.202406191623/tools/bin/../lib/gcc/arm-none-eabi/12.3.1/../../../../arm-none-eabi/lib/thumb/v7e-m+fp/hard\libnosys.a
END GROUP
START GROUP
LOAD D:/App/ST/STM32CubeIDE_1.16.0/STM32CubeIDE/plugins/com.st.stm32cube.ide.mcu.externaltools.gnu-tools-for-stm32.12.3.rel1.win32_1.0.200.202406191623/tools/bin/../lib/gcc/arm-none-eabi/12.3.1/thumb/v7e-m+fp/hard\libgcc.a
LOAD D:/App/ST/STM32CubeIDE_1.16.0/STM32CubeIDE/plugins/com.st.stm32cube.ide.mcu.externaltools.gnu-tools-for-stm32.12.3.rel1.win32_1.0.200.202406191623/tools/bin/../lib/gcc/arm-none-eabi/12.3.1/../../../../arm-none-eabi/lib/thumb/v7e-m+fp/hard\libc_nano.a
LOAD D:/App/ST/STM32CubeIDE_1.16.0/STM32CubeIDE/plugins/com.st.stm32cube.ide.mcu.externaltools.gnu-tools-for-stm32.12.3.rel1.win32_1.0.200.202406191623/tools/bin/../lib/gcc/arm-none-eabi/12.3.1/../../../../arm-none-eabi/lib/thumb/v7e-m+fp/hard\libnosys.a
END GROUP
LOAD D:/App/ST/STM32CubeIDE_1.16.0/STM32CubeIDE/plugins/com.st.stm32cube.ide.mcu.externaltools.gnu-tools-for-stm32.12.3.rel1.win32_1.0.200.202406191623/tools/bin/../lib/gcc/arm-none-eabi/12.3.1/thumb/v7e-m+fp/hard/crtend.o
LOAD D:/App/ST/STM32CubeIDE_1.16.0/STM32CubeIDE/plugins/com.st.stm32cube.ide.mcu.externaltools.gnu-tools-for-stm32.12.3.rel1.win32_1.0.200.202406191623/tools/bin/../lib/gcc/arm-none-eabi/12.3.1/thumb/v7e-m+fp/hard/crtn.o
                0x20030000                        _estack = (ORIGIN (RAM) + LENGTH (RAM))
                0x00000200                        _Min_Heap_Size = 0x200
                0x00000400                        _Min_Stack_Size = 0x400

.isr_vector     0x08000000      0x1ac
                0x08000000                        . = ALIGN (0x4)
 *(.isr_vector)
 .isr_vector    0x08000000      0x1ac ./Core/Startup/startup_stm32f429zitx.o
                0x08000000                g_pfnVectors
                0x080001ac                        . = ALIGN (0x4)

.text           0x080001b0     0x30b0
                0x080001b0                        . = ALIGN (0x4)
 *(.text)
 .text          0x080001b0       0x40 D:/App/ST/STM32CubeIDE_1.16.0/STM32CubeIDE/plugins/com.st.stm32cube.ide.mcu.externaltools.gnu-tools-for-stm32.12.3.rel1.win32_1.0.200.202406191623/tools/bin/../lib/gcc/arm-none-eabi/12.3.1/thumb/v7e-m+fp/hard/crtbegin.o
 .text          0x080001f0       0x30 D:/App/ST/STM32CubeIDE_1.16.0/STM32CubeIDE/plugins/com.st.stm32cube.ide.mcu.externaltools.gnu-tools-for-stm32.12.3.rel1.win32_1.0.200.202406191623/tools/bin/../lib/gcc/arm-none-eabi/12.3.1/thumb/v7e-m+fp/hard\libgcc.a(_aeabi_uldivmod.o)
                0x080001f0                __aeabi_uldivmod
 .text          0x08000220      0x2bc D:/App/ST/STM32CubeIDE_1.16.0/STM32CubeIDE/plugins/com.st.stm32cube.ide.mcu.externaltools.gnu-tools-for-stm32.12.3.rel1.win32_1.0.200.202406191623/tools/bin/../lib/gcc/arm-none-eabi/12.3.1/thumb/v7e-m+fp/hard\libgcc.a(_udivmoddi4.o)
                0x08000220                __udivmoddi4
 .text          0x080004dc        0x4 D:/App/ST/STM32CubeIDE_1.16.0/STM32CubeIDE/plugins/com.st.stm32cube.ide.mcu.externaltools.gnu-tools-for-stm32.12.3.rel1.win32_1.0.200.202406191623/tools/bin/../lib/gcc/arm-none-eabi/12.3.1/thumb/v7e-m+fp/hard\libgcc.a(_dvmd_tls.o)
                0x080004dc                __aeabi_idiv0
                0x080004dc                __aeabi_ldiv0
 *(.text*)
 .text.main     0x080004e0       0x68 ./Core/Src/main.o
                0x080004e0                main
 .text.SystemClock_Config
                0x08000548       0xe0 ./Core/Src/main.o
                0x08000548                SystemClock_Config
 .text.MX_GPIO_Init
                0x08000628       0x88 ./Core/Src/main.o
 .text.TASK1    0x080006b0       0x28 ./Core/Src/main.o
 .text.TASK2    0x080006d8       0x28 ./Core/Src/main.o
 .text.Error_Handler
                0x08000700        0xc ./Core/Src/main.o
                0x08000700                Error_Handler
 .text.HAL_MspInit
                0x0800070c       0x50 ./Core/Src/stm32f4xx_hal_msp.o
                0x0800070c                HAL_MspInit
 .text.NMI_Handler
                0x0800075c        0x8 ./Core/Src/stm32f4xx_it.o
                0x0800075c                NMI_Handler
 .text.HardFault_Handler
                0x08000764        0x8 ./Core/Src/stm32f4xx_it.o
                0x08000764                HardFault_Handler
 .text.MemManage_Handler
                0x0800076c        0x8 ./Core/Src/stm32f4xx_it.o
                0x0800076c                MemManage_Handler
 .text.BusFault_Handler
                0x08000774        0x8 ./Core/Src/stm32f4xx_it.o
                0x08000774                BusFault_Handler
 .text.UsageFault_Handler
                0x0800077c        0x8 ./Core/Src/stm32f4xx_it.o
                0x0800077c                UsageFault_Handler
 .text.DebugMon_Handler
                0x08000784        0xe ./Core/Src/stm32f4xx_it.o
                0x08000784                DebugMon_Handler
 *fill*         0x08000792        0x2 
 .text.ITM_SendChar
                0x08000794       0x50 ./Core/Src/syscalls.o
                0x08000794                ITM_SendChar
 .text._read    0x080007e4       0x3a ./Core/Src/syscalls.o
                0x080007e4                _read
 .text._write   0x0800081e       0x38 ./Core/Src/syscalls.o
                0x0800081e                _write
 .text._close   0x08000856       0x18 ./Core/Src/syscalls.o
                0x08000856                _close
 .text._fstat   0x0800086e       0x20 ./Core/Src/syscalls.o
                0x0800086e                _fstat
 .text._isatty  0x0800088e       0x16 ./Core/Src/syscalls.o
                0x0800088e                _isatty
 .text._lseek   0x080008a4       0x1a ./Core/Src/syscalls.o
                0x080008a4                _lseek
 *fill*         0x080008be        0x2 
 .text.SystemInit
                0x080008c0       0x24 ./Core/Src/system_stm32f4xx.o
                0x080008c0                SystemInit
 .text.Reset_Handler
                0x080008e4       0x50 ./Core/Startup/startup_stm32f429zitx.o
                0x080008e4                Reset_Handler
 .text.Default_Handler
                0x08000934        0x2 ./Core/Startup/startup_stm32f429zitx.o
                0x08000934                RTC_Alarm_IRQHandler
                0x08000934                HASH_RNG_IRQHandler
                0x08000934                EXTI2_IRQHandler
                0x08000934                TIM8_CC_IRQHandler
                0x08000934                UART8_IRQHandler
                0x08000934                SPI4_IRQHandler
                0x08000934                TIM1_CC_IRQHandler
                0x08000934                DMA2_Stream5_IRQHandler
                0x08000934                DMA1_Stream5_IRQHandler
                0x08000934                PVD_IRQHandler
                0x08000934                SDIO_IRQHandler
                0x08000934                TAMP_STAMP_IRQHandler
                0x08000934                CAN2_RX1_IRQHandler
                0x08000934                EXTI3_IRQHandler
                0x08000934                TIM8_TRG_COM_TIM14_IRQHandler
                0x08000934                TIM1_UP_TIM10_IRQHandler
                0x08000934                TIM8_UP_TIM13_IRQHandler
                0x08000934                I2C3_ER_IRQHandler
                0x08000934                EXTI0_IRQHandler
                0x08000934                I2C2_EV_IRQHandler
                0x08000934                DMA1_Stream2_IRQHandler
                0x08000934                CAN1_RX0_IRQHandler
                0x08000934                FPU_IRQHandler
                0x08000934                OTG_HS_WKUP_IRQHandler
                0x08000934                LTDC_ER_IRQHandler
                0x08000934                CAN2_SCE_IRQHandler
                0x08000934                DMA2_Stream2_IRQHandler
                0x08000934                SPI1_IRQHandler
                0x08000934                TIM6_DAC_IRQHandler
                0x08000934                TIM1_BRK_TIM9_IRQHandler
                0x08000934                DCMI_IRQHandler
                0x08000934                CAN2_RX0_IRQHandler
                0x08000934                DMA2_Stream3_IRQHandler
                0x08000934                USART6_IRQHandler
                0x08000934                USART3_IRQHandler
                0x08000934                CAN1_RX1_IRQHandler
                0x08000934                UART5_IRQHandler
                0x08000934                DMA2_Stream0_IRQHandler
                0x08000934                TIM4_IRQHandler
                0x08000934                I2C1_EV_IRQHandler
                0x08000934                DMA1_Stream6_IRQHandler
                0x08000934                DMA1_Stream1_IRQHandler
                0x08000934                UART4_IRQHandler
                0x08000934                TIM3_IRQHandler
                0x08000934                RCC_IRQHandler
                0x08000934                TIM8_BRK_TIM12_IRQHandler
                0x08000934                Default_Handler
                0x08000934                EXTI15_10_IRQHandler
                0x08000934                ADC_IRQHandler
                0x08000934                DMA1_Stream7_IRQHandler
                0x08000934                SPI5_IRQHandler
                0x08000934                TIM7_IRQHandler
                0x08000934                CAN2_TX_IRQHandler
                0x08000934                TIM5_IRQHandler
                0x08000934                DMA2_Stream7_IRQHandler
                0x08000934                I2C3_EV_IRQHandler
                0x08000934                EXTI9_5_IRQHandler
                0x08000934                RTC_WKUP_IRQHandler
                0x08000934                LTDC_IRQHandler
                0x08000934                ETH_WKUP_IRQHandler
                0x08000934                SPI2_IRQHandler
                0x08000934                OTG_HS_EP1_IN_IRQHandler
                0x08000934                DMA1_Stream0_IRQHandler
                0x08000934                CAN1_TX_IRQHandler
                0x08000934                EXTI4_IRQHandler
                0x08000934                ETH_IRQHandler
                0x08000934                OTG_HS_EP1_OUT_IRQHandler
                0x08000934                WWDG_IRQHandler
                0x08000934                SPI6_IRQHandler
                0x08000934                TIM2_IRQHandler
                0x08000934                OTG_FS_WKUP_IRQHandler
                0x08000934                TIM1_TRG_COM_TIM11_IRQHandler
                0x08000934                OTG_HS_IRQHandler
                0x08000934                DMA2D_IRQHandler
                0x08000934                EXTI1_IRQHandler
                0x08000934                UART7_IRQHandler
                0x08000934                USART2_IRQHandler
                0x08000934                I2C2_ER_IRQHandler
                0x08000934                DMA2_Stream1_IRQHandler
                0x08000934                CAN1_SCE_IRQHandler
                0x08000934                FLASH_IRQHandler
                0x08000934                DMA2_Stream4_IRQHandler
                0x08000934                USART1_IRQHandler
                0x08000934                OTG_FS_IRQHandler
                0x08000934                SPI3_IRQHandler
                0x08000934                DMA1_Stream4_IRQHandler
                0x08000934                I2C1_ER_IRQHandler
                0x08000934                FMC_IRQHandler
                0x08000934                DMA2_Stream6_IRQHandler
                0x08000934                SAI1_IRQHandler
                0x08000934                DMA1_Stream3_IRQHandler
 *fill*         0x08000936        0x2 
 .text.HAL_Init
                0x08000938       0x44 ./Drivers/STM32F4xx_HAL_Driver/Src/stm32f4xx_hal.o
                0x08000938                HAL_Init
 .text.HAL_InitTick
                0x0800097c       0x60 ./Drivers/STM32F4xx_HAL_Driver/Src/stm32f4xx_hal.o
                0x0800097c                HAL_InitTick
 .text.HAL_GetTick
                0x080009dc       0x18 ./Drivers/STM32F4xx_HAL_Driver/Src/stm32f4xx_hal.o
                0x080009dc                HAL_GetTick
 .text.__NVIC_SetPriorityGrouping
                0x080009f4       0x48 ./Drivers/STM32F4xx_HAL_Driver/Src/stm32f4xx_hal_cortex.o
 .text.__NVIC_GetPriorityGrouping
                0x08000a3c       0x1c ./Drivers/STM32F4xx_HAL_Driver/Src/stm32f4xx_hal_cortex.o
 .text.__NVIC_SetPriority
                0x08000a58       0x54 ./Drivers/STM32F4xx_HAL_Driver/Src/stm32f4xx_hal_cortex.o
 .text.NVIC_EncodePriority
                0x08000aac       0x66 ./Drivers/STM32F4xx_HAL_Driver/Src/stm32f4xx_hal_cortex.o
 *fill*         0x08000b12        0x2 
 .text.SysTick_Config
                0x08000b14       0x44 ./Drivers/STM32F4xx_HAL_Driver/Src/stm32f4xx_hal_cortex.o
 .text.HAL_NVIC_SetPriorityGrouping
                0x08000b58       0x16 ./Drivers/STM32F4xx_HAL_Driver/Src/stm32f4xx_hal_cortex.o
                0x08000b58                HAL_NVIC_SetPriorityGrouping
 .text.HAL_NVIC_SetPriority
                0x08000b6e       0x38 ./Drivers/STM32F4xx_HAL_Driver/Src/stm32f4xx_hal_cortex.o
                0x08000b6e                HAL_NVIC_SetPriority
 .text.HAL_SYSTICK_Config
                0x08000ba6       0x18 ./Drivers/STM32F4xx_HAL_Driver/Src/stm32f4xx_hal_cortex.o
                0x08000ba6                HAL_SYSTICK_Config
 *fill*         0x08000bbe        0x2 
 .text.HAL_GPIO_Init
                0x08000bc0      0x358 ./Drivers/STM32F4xx_HAL_Driver/Src/stm32f4xx_hal_gpio.o
                0x08000bc0                HAL_GPIO_Init
 .text.HAL_GPIO_WritePin
                0x08000f18       0x32 ./Drivers/STM32F4xx_HAL_Driver/Src/stm32f4xx_hal_gpio.o
                0x08000f18                HAL_GPIO_WritePin
 *fill*         0x08000f4a        0x2 
 .text.HAL_PWREx_EnableOverDrive
                0x08000f4c       0xa0 ./Drivers/STM32F4xx_HAL_Driver/Src/stm32f4xx_hal_pwr_ex.o
                0x08000f4c                HAL_PWREx_EnableOverDrive
 .text.HAL_RCC_OscConfig
                0x08000fec      0x4f0 ./Drivers/STM32F4xx_HAL_Driver/Src/stm32f4xx_hal_rcc.o
                0x08000fec                HAL_RCC_OscConfig
 .text.HAL_RCC_ClockConfig
                0x080014dc      0x1cc ./Drivers/STM32F4xx_HAL_Driver/Src/stm32f4xx_hal_rcc.o
                0x080014dc                HAL_RCC_ClockConfig
 .text.HAL_RCC_GetSysClockFreq
                0x080016a8      0x18c ./Drivers/STM32F4xx_HAL_Driver/Src/stm32f4xx_hal_rcc.o
                0x080016a8                HAL_RCC_GetSysClockFreq
 .text.vListInitialise
                0x08001834       0x40 ./FreeRTOS/list.o
                0x08001834                vListInitialise
 .text.vListInitialiseItem
                0x08001874       0x1a ./FreeRTOS/list.o
                0x08001874                vListInitialiseItem
 .text.vListInsertEnd
                0x0800188e       0x48 ./FreeRTOS/list.o
                0x0800188e                vListInsertEnd
 .text.uxListRemove
                0x080018d6       0x54 ./FreeRTOS/list.o
                0x080018d6                uxListRemove
 .text.xTaskCreate
                0x0800192a       0x82 ./FreeRTOS/tasks.o
                0x0800192a                xTaskCreate
 .text.prvInitialiseNewTask
                0x080019ac      0x12e ./FreeRTOS/tasks.o
 *fill*         0x08001ada        0x2 
 .text.prvAddNewTaskToReadyList
                0x08001adc       0xc0 ./FreeRTOS/tasks.o
 .text.vTaskStartScheduler
                0x08001b9c       0x98 ./FreeRTOS/tasks.o
                0x08001b9c                vTaskStartScheduler
 .text.vTaskSuspendAll
                0x08001c34       0x1c ./FreeRTOS/tasks.o
                0x08001c34                vTaskSuspendAll
 .text.xTaskResumeAll
                0x08001c50      0x120 ./FreeRTOS/tasks.o
                0x08001c50                xTaskResumeAll
 .text.xTaskIncrementTick
                0x08001d70      0x12c ./FreeRTOS/tasks.o
                0x08001d70                xTaskIncrementTick
 .text.vTaskSwitchContext
                0x08001e9c       0xb8 ./FreeRTOS/tasks.o
                0x08001e9c                vTaskSwitchContext
 .text.prvIdleTask
                0x08001f54       0x24 ./FreeRTOS/tasks.o
 .text.prvInitialiseTaskLists
                0x08001f78       0x80 ./FreeRTOS/tasks.o
 .text.prvCheckTasksWaitingTermination
                0x08001ff8       0x5c ./FreeRTOS/tasks.o
 .text.prvDeleteTCB
                0x08002054       0x20 ./FreeRTOS/tasks.o
 .text.prvResetNextTaskUnblockTime
                0x08002074       0x38 ./FreeRTOS/tasks.o
 .text.pxPortInitialiseStack
                0x080020ac       0x68 ./FreeRTOS/portable/GCC/ARM_CM4F/port.o
                0x080020ac                pxPortInitialiseStack
 .text.prvTaskExitError
                0x08002114       0x5c ./FreeRTOS/portable/GCC/ARM_CM4F/port.o
 .text.SVC_Handler
                0x08002170       0x28 ./FreeRTOS/portable/GCC/ARM_CM4F/port.o
                0x08002170                SVC_Handler
 .text.prvPortStartFirstTask
                0x08002198       0x2c ./FreeRTOS/portable/GCC/ARM_CM4F/port.o
 .text.xPortStartScheduler
                0x080021c4      0x148 ./FreeRTOS/portable/GCC/ARM_CM4F/port.o
                0x080021c4                xPortStartScheduler
 .text.vPortEnterCritical
                0x0800230c       0x64 ./FreeRTOS/portable/GCC/ARM_CM4F/port.o
                0x0800230c                vPortEnterCritical
 .text.vPortExitCritical
                0x08002370       0x54 ./FreeRTOS/portable/GCC/ARM_CM4F/port.o
                0x08002370                vPortExitCritical
 *fill*         0x080023c4        0xc 
 .text.PendSV_Handler
                0x080023d0       0x68 ./FreeRTOS/portable/GCC/ARM_CM4F/port.o
                0x080023d0                PendSV_Handler
 .text.SysTick_Handler
                0x08002438       0x44 ./FreeRTOS/portable/GCC/ARM_CM4F/port.o
                0x08002438                SysTick_Handler
 .text.vPortSetupTimerInterrupt
                0x0800247c       0x48 ./FreeRTOS/portable/GCC/ARM_CM4F/port.o
                0x0800247c                vPortSetupTimerInterrupt
 .text.vPortEnableVFP
                0x080024c4       0x18 ./FreeRTOS/portable/GCC/ARM_CM4F/port.o
 .text.pvPortMalloc
                0x080024dc      0x1c4 ./FreeRTOS/portable/MemMang/heap_4.o
                0x080024dc                pvPortMalloc
 .text.vPortFree
                0x080026a0       0xc8 ./FreeRTOS/portable/MemMang/heap_4.o
                0x080026a0                vPortFree
 .text.prvHeapInit
                0x08002768       0xc4 ./FreeRTOS/portable/MemMang/heap_4.o
 .text.prvInsertBlockIntoFreeList
                0x0800282c       0xb4 ./FreeRTOS/portable/MemMang/heap_4.o
 .text.std      0x080028e0       0x6c D:/App/ST/STM32CubeIDE_1.16.0/STM32CubeIDE/plugins/com.st.stm32cube.ide.mcu.externaltools.gnu-tools-for-stm32.12.3.rel1.win32_1.0.200.202406191623/tools/bin/../lib/gcc/arm-none-eabi/12.3.1/../../../../arm-none-eabi/lib/thumb/v7e-m+fp/hard\libc_nano.a(libc_a-findfp.o)
 .text.stdio_exit_handler
                0x0800294c       0x18 D:/App/ST/STM32CubeIDE_1.16.0/STM32CubeIDE/plugins/com.st.stm32cube.ide.mcu.externaltools.gnu-tools-for-stm32.12.3.rel1.win32_1.0.200.202406191623/tools/bin/../lib/gcc/arm-none-eabi/12.3.1/../../../../arm-none-eabi/lib/thumb/v7e-m+fp/hard\libc_nano.a(libc_a-findfp.o)
 .text.cleanup_stdio
                0x08002964       0x40 D:/App/ST/STM32CubeIDE_1.16.0/STM32CubeIDE/plugins/com.st.stm32cube.ide.mcu.externaltools.gnu-tools-for-stm32.12.3.rel1.win32_1.0.200.202406191623/tools/bin/../lib/gcc/arm-none-eabi/12.3.1/../../../../arm-none-eabi/lib/thumb/v7e-m+fp/hard\libc_nano.a(libc_a-findfp.o)
 .text.global_stdio_init.part.0
                0x080029a4       0x3c D:/App/ST/STM32CubeIDE_1.16.0/STM32CubeIDE/plugins/com.st.stm32cube.ide.mcu.externaltools.gnu-tools-for-stm32.12.3.rel1.win32_1.0.200.202406191623/tools/bin/../lib/gcc/arm-none-eabi/12.3.1/../../../../arm-none-eabi/lib/thumb/v7e-m+fp/hard\libc_nano.a(libc_a-findfp.o)
 .text.__sfp_lock_acquire
                0x080029e0        0xc D:/App/ST/STM32CubeIDE_1.16.0/STM32CubeIDE/plugins/com.st.stm32cube.ide.mcu.externaltools.gnu-tools-for-stm32.12.3.rel1.win32_1.0.200.202406191623/tools/bin/../lib/gcc/arm-none-eabi/12.3.1/../../../../arm-none-eabi/lib/thumb/v7e-m+fp/hard\libc_nano.a(libc_a-findfp.o)
                0x080029e0                __sfp_lock_acquire
 .text.__sfp_lock_release
                0x080029ec        0xc D:/App/ST/STM32CubeIDE_1.16.0/STM32CubeIDE/plugins/com.st.stm32cube.ide.mcu.externaltools.gnu-tools-for-stm32.12.3.rel1.win32_1.0.200.202406191623/tools/bin/../lib/gcc/arm-none-eabi/12.3.1/../../../../arm-none-eabi/lib/thumb/v7e-m+fp/hard\libc_nano.a(libc_a-findfp.o)
                0x080029ec                __sfp_lock_release
 .text.__sinit  0x080029f8       0x30 D:/App/ST/STM32CubeIDE_1.16.0/STM32CubeIDE/plugins/com.st.stm32cube.ide.mcu.externaltools.gnu-tools-for-stm32.12.3.rel1.win32_1.0.200.202406191623/tools/bin/../lib/gcc/arm-none-eabi/12.3.1/../../../../arm-none-eabi/lib/thumb/v7e-m+fp/hard\libc_nano.a(libc_a-findfp.o)
                0x080029f8                __sinit
 .text._fwalk_sglue
                0x08002a28       0x3c D:/App/ST/STM32CubeIDE_1.16.0/STM32CubeIDE/plugins/com.st.stm32cube.ide.mcu.externaltools.gnu-tools-for-stm32.12.3.rel1.win32_1.0.200.202406191623/tools/bin/../lib/gcc/arm-none-eabi/12.3.1/../../../../arm-none-eabi/lib/thumb/v7e-m+fp/hard\libc_nano.a(libc_a-fwalk.o)
                0x08002a28                _fwalk_sglue
 .text._puts_r  0x08002a64       0xaa D:/App/ST/STM32CubeIDE_1.16.0/STM32CubeIDE/plugins/com.st.stm32cube.ide.mcu.externaltools.gnu-tools-for-stm32.12.3.rel1.win32_1.0.200.202406191623/tools/bin/../lib/gcc/arm-none-eabi/12.3.1/../../../../arm-none-eabi/lib/thumb/v7e-m+fp/hard\libc_nano.a(libc_a-puts.o)
                0x08002a64                _puts_r
 *fill*         0x08002b0e        0x2 
 .text.puts     0x08002b10       0x10 D:/App/ST/STM32CubeIDE_1.16.0/STM32CubeIDE/plugins/com.st.stm32cube.ide.mcu.externaltools.gnu-tools-for-stm32.12.3.rel1.win32_1.0.200.202406191623/tools/bin/../lib/gcc/arm-none-eabi/12.3.1/../../../../arm-none-eabi/lib/thumb/v7e-m+fp/hard\libc_nano.a(libc_a-puts.o)
                0x08002b10                puts
 .text.__sread  0x08002b20       0x22 D:/App/ST/STM32CubeIDE_1.16.0/STM32CubeIDE/plugins/com.st.stm32cube.ide.mcu.externaltools.gnu-tools-for-stm32.12.3.rel1.win32_1.0.200.202406191623/tools/bin/../lib/gcc/arm-none-eabi/12.3.1/../../../../arm-none-eabi/lib/thumb/v7e-m+fp/hard\libc_nano.a(libc_a-stdio.o)
                0x08002b20                __sread
 .text.__swrite
                0x08002b42       0x38 D:/App/ST/STM32CubeIDE_1.16.0/STM32CubeIDE/plugins/com.st.stm32cube.ide.mcu.externaltools.gnu-tools-for-stm32.12.3.rel1.win32_1.0.200.202406191623/tools/bin/../lib/gcc/arm-none-eabi/12.3.1/../../../../arm-none-eabi/lib/thumb/v7e-m+fp/hard\libc_nano.a(libc_a-stdio.o)
                0x08002b42                __swrite
 .text.__sseek  0x08002b7a       0x24 D:/App/ST/STM32CubeIDE_1.16.0/STM32CubeIDE/plugins/com.st.stm32cube.ide.mcu.externaltools.gnu-tools-for-stm32.12.3.rel1.win32_1.0.200.202406191623/tools/bin/../lib/gcc/arm-none-eabi/12.3.1/../../../../arm-none-eabi/lib/thumb/v7e-m+fp/hard\libc_nano.a(libc_a-stdio.o)
                0x08002b7a                __sseek
 .text.__sclose
                0x08002b9e        0x8 D:/App/ST/STM32CubeIDE_1.16.0/STM32CubeIDE/plugins/com.st.stm32cube.ide.mcu.externaltools.gnu-tools-for-stm32.12.3.rel1.win32_1.0.200.202406191623/tools/bin/../lib/gcc/arm-none-eabi/12.3.1/../../../../arm-none-eabi/lib/thumb/v7e-m+fp/hard\libc_nano.a(libc_a-stdio.o)
                0x08002b9e                __sclose
 .text.__swbuf_r
                0x08002ba6       0x7c D:/App/ST/STM32CubeIDE_1.16.0/STM32CubeIDE/plugins/com.st.stm32cube.ide.mcu.externaltools.gnu-tools-for-stm32.12.3.rel1.win32_1.0.200.202406191623/tools/bin/../lib/gcc/arm-none-eabi/12.3.1/../../../../arm-none-eabi/lib/thumb/v7e-m+fp/hard\libc_nano.a(libc_a-wbuf.o)
                0x08002ba6                __swbuf_r
 *fill*         0x08002c22        0x2 
 .text.__swsetup_r
                0x08002c24       0xac D:/App/ST/STM32CubeIDE_1.16.0/STM32CubeIDE/plugins/com.st.stm32cube.ide.mcu.externaltools.gnu-tools-for-stm32.12.3.rel1.win32_1.0.200.202406191623/tools/bin/../lib/gcc/arm-none-eabi/12.3.1/../../../../arm-none-eabi/lib/thumb/v7e-m+fp/hard\libc_nano.a(libc_a-wsetup.o)
                0x08002c24                __swsetup_r
 .text.memset   0x08002cd0       0x10 D:/App/ST/STM32CubeIDE_1.16.0/STM32CubeIDE/plugins/com.st.stm32cube.ide.mcu.externaltools.gnu-tools-for-stm32.12.3.rel1.win32_1.0.200.202406191623/tools/bin/../lib/gcc/arm-none-eabi/12.3.1/../../../../arm-none-eabi/lib/thumb/v7e-m+fp/hard\libc_nano.a(libc_a-memset.o)
                0x08002cd0                memset
 .text._close_r
                0x08002ce0       0x20 D:/App/ST/STM32CubeIDE_1.16.0/STM32CubeIDE/plugins/com.st.stm32cube.ide.mcu.externaltools.gnu-tools-for-stm32.12.3.rel1.win32_1.0.200.202406191623/tools/bin/../lib/gcc/arm-none-eabi/12.3.1/../../../../arm-none-eabi/lib/thumb/v7e-m+fp/hard\libc_nano.a(libc_a-closer.o)
                0x08002ce0                _close_r
 .text._lseek_r
                0x08002d00       0x24 D:/App/ST/STM32CubeIDE_1.16.0/STM32CubeIDE/plugins/com.st.stm32cube.ide.mcu.externaltools.gnu-tools-for-stm32.12.3.rel1.win32_1.0.200.202406191623/tools/bin/../lib/gcc/arm-none-eabi/12.3.1/../../../../arm-none-eabi/lib/thumb/v7e-m+fp/hard\libc_nano.a(libc_a-lseekr.o)
                0x08002d00                _lseek_r
 .text._read_r  0x08002d24       0x24 D:/App/ST/STM32CubeIDE_1.16.0/STM32CubeIDE/plugins/com.st.stm32cube.ide.mcu.externaltools.gnu-tools-for-stm32.12.3.rel1.win32_1.0.200.202406191623/tools/bin/../lib/gcc/arm-none-eabi/12.3.1/../../../../arm-none-eabi/lib/thumb/v7e-m+fp/hard\libc_nano.a(libc_a-readr.o)
                0x08002d24                _read_r
 .text._write_r
                0x08002d48       0x24 D:/App/ST/STM32CubeIDE_1.16.0/STM32CubeIDE/plugins/com.st.stm32cube.ide.mcu.externaltools.gnu-tools-for-stm32.12.3.rel1.win32_1.0.200.202406191623/tools/bin/../lib/gcc/arm-none-eabi/12.3.1/../../../../arm-none-eabi/lib/thumb/v7e-m+fp/hard\libc_nano.a(libc_a-writer.o)
                0x08002d48                _write_r
 .text.__libc_init_array
                0x08002d6c       0x48 D:/App/ST/STM32CubeIDE_1.16.0/STM32CubeIDE/plugins/com.st.stm32cube.ide.mcu.externaltools.gnu-tools-for-stm32.12.3.rel1.win32_1.0.200.202406191623/tools/bin/../lib/gcc/arm-none-eabi/12.3.1/../../../../arm-none-eabi/lib/thumb/v7e-m+fp/hard\libc_nano.a(libc_a-init.o)
                0x08002d6c                __libc_init_array
 .text.__retarget_lock_init_recursive
                0x08002db4        0x2 D:/App/ST/STM32CubeIDE_1.16.0/STM32CubeIDE/plugins/com.st.stm32cube.ide.mcu.externaltools.gnu-tools-for-stm32.12.3.rel1.win32_1.0.200.202406191623/tools/bin/../lib/gcc/arm-none-eabi/12.3.1/../../../../arm-none-eabi/lib/thumb/v7e-m+fp/hard\libc_nano.a(libc_a-lock.o)
                0x08002db4                __retarget_lock_init_recursive
 .text.__retarget_lock_acquire_recursive
                0x08002db6        0x2 D:/App/ST/STM32CubeIDE_1.16.0/STM32CubeIDE/plugins/com.st.stm32cube.ide.mcu.externaltools.gnu-tools-for-stm32.12.3.rel1.win32_1.0.200.202406191623/tools/bin/../lib/gcc/arm-none-eabi/12.3.1/../../../../arm-none-eabi/lib/thumb/v7e-m+fp/hard\libc_nano.a(libc_a-lock.o)
                0x08002db6                __retarget_lock_acquire_recursive
 .text.__retarget_lock_release_recursive
                0x08002db8        0x2 D:/App/ST/STM32CubeIDE_1.16.0/STM32CubeIDE/plugins/com.st.stm32cube.ide.mcu.externaltools.gnu-tools-for-stm32.12.3.rel1.win32_1.0.200.202406191623/tools/bin/../lib/gcc/arm-none-eabi/12.3.1/../../../../arm-none-eabi/lib/thumb/v7e-m+fp/hard\libc_nano.a(libc_a-lock.o)
                0x08002db8                __retarget_lock_release_recursive
 *fill*         0x08002dba        0x2 
 .text._free_r  0x08002dbc       0x94 D:/App/ST/STM32CubeIDE_1.16.0/STM32CubeIDE/plugins/com.st.stm32cube.ide.mcu.externaltools.gnu-tools-for-stm32.12.3.rel1.win32_1.0.200.202406191623/tools/bin/../lib/gcc/arm-none-eabi/12.3.1/../../../../arm-none-eabi/lib/thumb/v7e-m+fp/hard\libc_nano.a(libc_a-freer.o)
                0x08002dbc                _free_r
 .text.sbrk_aligned
                0x08002e50       0x44 D:/App/ST/STM32CubeIDE_1.16.0/STM32CubeIDE/plugins/com.st.stm32cube.ide.mcu.externaltools.gnu-tools-for-stm32.12.3.rel1.win32_1.0.200.202406191623/tools/bin/../lib/gcc/arm-none-eabi/12.3.1/../../../../arm-none-eabi/lib/thumb/v7e-m+fp/hard\libc_nano.a(libc_a-mallocr.o)
 .text._malloc_r
                0x08002e94      0x100 D:/App/ST/STM32CubeIDE_1.16.0/STM32CubeIDE/plugins/com.st.stm32cube.ide.mcu.externaltools.gnu-tools-for-stm32.12.3.rel1.win32_1.0.200.202406191623/tools/bin/../lib/gcc/arm-none-eabi/12.3.1/../../../../arm-none-eabi/lib/thumb/v7e-m+fp/hard\libc_nano.a(libc_a-mallocr.o)
                0x08002e94                _malloc_r
 .text.__malloc_lock
                0x08002f94        0xc D:/App/ST/STM32CubeIDE_1.16.0/STM32CubeIDE/plugins/com.st.stm32cube.ide.mcu.externaltools.gnu-tools-for-stm32.12.3.rel1.win32_1.0.200.202406191623/tools/bin/../lib/gcc/arm-none-eabi/12.3.1/../../../../arm-none-eabi/lib/thumb/v7e-m+fp/hard\libc_nano.a(libc_a-mlock.o)
                0x08002f94                __malloc_lock
 .text.__malloc_unlock
                0x08002fa0        0xc D:/App/ST/STM32CubeIDE_1.16.0/STM32CubeIDE/plugins/com.st.stm32cube.ide.mcu.externaltools.gnu-tools-for-stm32.12.3.rel1.win32_1.0.200.202406191623/tools/bin/../lib/gcc/arm-none-eabi/12.3.1/../../../../arm-none-eabi/lib/thumb/v7e-m+fp/hard\libc_nano.a(libc_a-mlock.o)
                0x08002fa0                __malloc_unlock
 .text.__sflush_r
                0x08002fac      0x108 D:/App/ST/STM32CubeIDE_1.16.0/STM32CubeIDE/plugins/com.st.stm32cube.ide.mcu.externaltools.gnu-tools-for-stm32.12.3.rel1.win32_1.0.200.202406191623/tools/bin/../lib/gcc/arm-none-eabi/12.3.1/../../../../arm-none-eabi/lib/thumb/v7e-m+fp/hard\libc_nano.a(libc_a-fflush.o)
                0x08002fac                __sflush_r
 .text._fflush_r
                0x080030b4       0x50 D:/App/ST/STM32CubeIDE_1.16.0/STM32CubeIDE/plugins/com.st.stm32cube.ide.mcu.externaltools.gnu-tools-for-stm32.12.3.rel1.win32_1.0.200.202406191623/tools/bin/../lib/gcc/arm-none-eabi/12.3.1/../../../../arm-none-eabi/lib/thumb/v7e-m+fp/hard\libc_nano.a(libc_a-fflush.o)
                0x080030b4                _fflush_r
 .text.__swhatbuf_r
                0x08003104       0x4c D:/App/ST/STM32CubeIDE_1.16.0/STM32CubeIDE/plugins/com.st.stm32cube.ide.mcu.externaltools.gnu-tools-for-stm32.12.3.rel1.win32_1.0.200.202406191623/tools/bin/../lib/gcc/arm-none-eabi/12.3.1/../../../../arm-none-eabi/lib/thumb/v7e-m+fp/hard\libc_nano.a(libc_a-makebuf.o)
                0x08003104                __swhatbuf_r
 .text.__smakebuf_r
                0x08003150       0x78 D:/App/ST/STM32CubeIDE_1.16.0/STM32CubeIDE/plugins/com.st.stm32cube.ide.mcu.externaltools.gnu-tools-for-stm32.12.3.rel1.win32_1.0.200.202406191623/tools/bin/../lib/gcc/arm-none-eabi/12.3.1/../../../../arm-none-eabi/lib/thumb/v7e-m+fp/hard\libc_nano.a(libc_a-makebuf.o)
                0x08003150                __smakebuf_r
 .text._fstat_r
                0x080031c8       0x24 D:/App/ST/STM32CubeIDE_1.16.0/STM32CubeIDE/plugins/com.st.stm32cube.ide.mcu.externaltools.gnu-tools-for-stm32.12.3.rel1.win32_1.0.200.202406191623/tools/bin/../lib/gcc/arm-none-eabi/12.3.1/../../../../arm-none-eabi/lib/thumb/v7e-m+fp/hard\libc_nano.a(libc_a-fstatr.o)
                0x080031c8                _fstat_r
 .text._isatty_r
                0x080031ec       0x20 D:/App/ST/STM32CubeIDE_1.16.0/STM32CubeIDE/plugins/com.st.stm32cube.ide.mcu.externaltools.gnu-tools-for-stm32.12.3.rel1.win32_1.0.200.202406191623/tools/bin/../lib/gcc/arm-none-eabi/12.3.1/../../../../arm-none-eabi/lib/thumb/v7e-m+fp/hard\libc_nano.a(libc_a-isattyr.o)
                0x080031ec                _isatty_r
 .text._sbrk_r  0x0800320c       0x20 D:/App/ST/STM32CubeIDE_1.16.0/STM32CubeIDE/plugins/com.st.stm32cube.ide.mcu.externaltools.gnu-tools-for-stm32.12.3.rel1.win32_1.0.200.202406191623/tools/bin/../lib/gcc/arm-none-eabi/12.3.1/../../../../arm-none-eabi/lib/thumb/v7e-m+fp/hard\libc_nano.a(libc_a-sbrkr.o)
                0x0800320c                _sbrk_r
 .text._sbrk    0x0800322c       0x1c D:/App/ST/STM32CubeIDE_1.16.0/STM32CubeIDE/plugins/com.st.stm32cube.ide.mcu.externaltools.gnu-tools-for-stm32.12.3.rel1.win32_1.0.200.202406191623/tools/bin/../lib/gcc/arm-none-eabi/12.3.1/../../../../arm-none-eabi/lib/thumb/v7e-m+fp/hard\libnosys.a(sbrk.o)
                0x0800322c                _sbrk
 *(.glue_7)
 .glue_7        0x08003248        0x0 linker stubs
 *(.glue_7t)
 .glue_7t       0x08003248        0x0 linker stubs
 *(.eh_frame)
 .eh_frame      0x08003248        0x0 D:/App/ST/STM32CubeIDE_1.16.0/STM32CubeIDE/plugins/com.st.stm32cube.ide.mcu.externaltools.gnu-tools-for-stm32.12.3.rel1.win32_1.0.200.202406191623/tools/bin/../lib/gcc/arm-none-eabi/12.3.1/thumb/v7e-m+fp/hard/crtbegin.o
 *(.init)
 .init          0x08003248        0x4 D:/App/ST/STM32CubeIDE_1.16.0/STM32CubeIDE/plugins/com.st.stm32cube.ide.mcu.externaltools.gnu-tools-for-stm32.12.3.rel1.win32_1.0.200.202406191623/tools/bin/../lib/gcc/arm-none-eabi/12.3.1/thumb/v7e-m+fp/hard/crti.o
                0x08003248                _init
 .init          0x0800324c        0x8 D:/App/ST/STM32CubeIDE_1.16.0/STM32CubeIDE/plugins/com.st.stm32cube.ide.mcu.externaltools.gnu-tools-for-stm32.12.3.rel1.win32_1.0.200.202406191623/tools/bin/../lib/gcc/arm-none-eabi/12.3.1/thumb/v7e-m+fp/hard/crtn.o
 *(.fini)
 .fini          0x08003254        0x4 D:/App/ST/STM32CubeIDE_1.16.0/STM32CubeIDE/plugins/com.st.stm32cube.ide.mcu.externaltools.gnu-tools-for-stm32.12.3.rel1.win32_1.0.200.202406191623/tools/bin/../lib/gcc/arm-none-eabi/12.3.1/thumb/v7e-m+fp/hard/crti.o
                0x08003254                _fini
 .fini          0x08003258        0x8 D:/App/ST/STM32CubeIDE_1.16.0/STM32CubeIDE/plugins/com.st.stm32cube.ide.mcu.externaltools.gnu-tools-for-stm32.12.3.rel1.win32_1.0.200.202406191623/tools/bin/../lib/gcc/arm-none-eabi/12.3.1/thumb/v7e-m+fp/hard/crtn.o
                0x08003260                        . = ALIGN (0x4)
                0x08003260                        _etext = .

.vfp11_veneer   0x08003260        0x0
 .vfp11_veneer  0x08003260        0x0 linker stubs

.v4_bx          0x08003260        0x0
 .v4_bx         0x08003260        0x0 linker stubs

.iplt           0x08003260        0x0
 .iplt          0x08003260        0x0 D:/App/ST/STM32CubeIDE_1.16.0/STM32CubeIDE/plugins/com.st.stm32cube.ide.mcu.externaltools.gnu-tools-for-stm32.12.3.rel1.win32_1.0.200.202406191623/tools/bin/../lib/gcc/arm-none-eabi/12.3.1/thumb/v7e-m+fp/hard/crtbegin.o

.rodata         0x08003260       0x58
                0x08003260                        . = ALIGN (0x4)
 *(.rodata)
 .rodata        0x08003260       0x3e ./Core/Src/main.o
 *fill*         0x0800329e        0x2 
 .rodata        0x080032a0        0x5 ./FreeRTOS/tasks.o
 *(.rodata*)
 *fill*         0x080032a5        0x3 
 .rodata.AHBPrescTable
                0x080032a8       0x10 ./Core/Src/system_stm32f4xx.o
                0x080032a8                AHBPrescTable
                0x080032b8                        . = ALIGN (0x4)

.ARM.extab      0x080032b8        0x0
                0x080032b8                        . = ALIGN (0x4)
 *(.ARM.extab* .gnu.linkonce.armextab.*)
                0x080032b8                        . = ALIGN (0x4)

.ARM            0x080032b8        0x8
                0x080032b8                        . = ALIGN (0x4)
                0x080032b8                        __exidx_start = .
 *(.ARM.exidx*)
 .ARM.exidx     0x080032b8        0x8 D:/App/ST/STM32CubeIDE_1.16.0/STM32CubeIDE/plugins/com.st.stm32cube.ide.mcu.externaltools.gnu-tools-for-stm32.12.3.rel1.win32_1.0.200.202406191623/tools/bin/../lib/gcc/arm-none-eabi/12.3.1/thumb/v7e-m+fp/hard\libgcc.a(_udivmoddi4.o)
                0x080032c0                        __exidx_end = .
                0x080032c0                        . = ALIGN (0x4)

.preinit_array  0x080032c0        0x0
                0x080032c0                        . = ALIGN (0x4)
                0x080032c0                        PROVIDE (__preinit_array_start = .)
 *(.preinit_array*)
                0x080032c0                        PROVIDE (__preinit_array_end = .)
                0x080032c0                        . = ALIGN (0x4)

.init_array     0x080032c0        0x4
                0x080032c0                        . = ALIGN (0x4)
                0x080032c0                        PROVIDE (__init_array_start = .)
 *(SORT_BY_NAME(.init_array.*))
 *(.init_array*)
 .init_array    0x080032c0        0x4 D:/App/ST/STM32CubeIDE_1.16.0/STM32CubeIDE/plugins/com.st.stm32cube.ide.mcu.externaltools.gnu-tools-for-stm32.12.3.rel1.win32_1.0.200.202406191623/tools/bin/../lib/gcc/arm-none-eabi/12.3.1/thumb/v7e-m+fp/hard/crtbegin.o
                0x080032c4                        PROVIDE (__init_array_end = .)
                0x080032c4                        . = ALIGN (0x4)

.fini_array     0x080032c4        0x4
                0x080032c4                        . = ALIGN (0x4)
                [!provide]                        PROVIDE (__fini_array_start = .)
 *(SORT_BY_NAME(.fini_array.*))
 *(.fini_array*)
 .fini_array    0x080032c4        0x4 D:/App/ST/STM32CubeIDE_1.16.0/STM32CubeIDE/plugins/com.st.stm32cube.ide.mcu.externaltools.gnu-tools-for-stm32.12.3.rel1.win32_1.0.200.202406191623/tools/bin/../lib/gcc/arm-none-eabi/12.3.1/thumb/v7e-m+fp/hard/crtbegin.o
                [!provide]                        PROVIDE (__fini_array_end = .)
                0x080032c8                        . = ALIGN (0x4)
                0x080032c8                        _sidata = LOADADDR (.data)

.rel.dyn        0x080032c8        0x0
 .rel.iplt      0x080032c8        0x0 D:/App/ST/STM32CubeIDE_1.16.0/STM32CubeIDE/plugins/com.st.stm32cube.ide.mcu.externaltools.gnu-tools-for-stm32.12.3.rel1.win32_1.0.200.202406191623/tools/bin/../lib/gcc/arm-none-eabi/12.3.1/thumb/v7e-m+fp/hard/crtbegin.o

.data           0x20000000       0x70 load address 0x080032c8
                0x20000000                        . = ALIGN (0x4)
                0x20000000                        _sdata = .
 *(.data)
 *(.data*)
 .data.SystemCoreClock
                0x20000000        0x4 ./Core/Src/system_stm32f4xx.o
                0x20000000                SystemCoreClock
 .data.uwTickPrio
                0x20000004        0x4 ./Drivers/STM32F4xx_HAL_Driver/Src/stm32f4xx_hal.o
                0x20000004                uwTickPrio
 .data.uwTickFreq
                0x20000008        0x1 ./Drivers/STM32F4xx_HAL_Driver/Src/stm32f4xx_hal.o
                0x20000008                uwTickFreq
 *fill*         0x20000009        0x3 
 .data.uxTopUsedPriority
                0x2000000c        0x4 ./FreeRTOS/tasks.o
                0x2000000c                uxTopUsedPriority
 .data.uxCriticalNesting
                0x20000010        0x4 ./FreeRTOS/portable/GCC/ARM_CM4F/port.o
 .data.__sglue  0x20000014        0xc D:/App/ST/STM32CubeIDE_1.16.0/STM32CubeIDE/plugins/com.st.stm32cube.ide.mcu.externaltools.gnu-tools-for-stm32.12.3.rel1.win32_1.0.200.202406191623/tools/bin/../lib/gcc/arm-none-eabi/12.3.1/../../../../arm-none-eabi/lib/thumb/v7e-m+fp/hard\libc_nano.a(libc_a-findfp.o)
                0x20000014                __sglue
 .data._impure_ptr
                0x20000020        0x4 D:/App/ST/STM32CubeIDE_1.16.0/STM32CubeIDE/plugins/com.st.stm32cube.ide.mcu.externaltools.gnu-tools-for-stm32.12.3.rel1.win32_1.0.200.202406191623/tools/bin/../lib/gcc/arm-none-eabi/12.3.1/../../../../arm-none-eabi/lib/thumb/v7e-m+fp/hard\libc_nano.a(libc_a-impure.o)
                0x20000020                _impure_ptr
 .data._impure_data
                0x20000024       0x4c D:/App/ST/STM32CubeIDE_1.16.0/STM32CubeIDE/plugins/com.st.stm32cube.ide.mcu.externaltools.gnu-tools-for-stm32.12.3.rel1.win32_1.0.200.202406191623/tools/bin/../lib/gcc/arm-none-eabi/12.3.1/../../../../arm-none-eabi/lib/thumb/v7e-m+fp/hard\libc_nano.a(libc_a-impure.o)
                0x20000024                _impure_data
 *(.RamFunc)
 *(.RamFunc*)
                0x20000070                        . = ALIGN (0x4)
                0x20000070                        _edata = .
                0x08003338                        _siccmram = LOADADDR (.ccmram)

.igot.plt       0x20000070        0x0 load address 0x08003338
 .igot.plt      0x20000070        0x0 D:/App/ST/STM32CubeIDE_1.16.0/STM32CubeIDE/plugins/com.st.stm32cube.ide.mcu.externaltools.gnu-tools-for-stm32.12.3.rel1.win32_1.0.200.202406191623/tools/bin/../lib/gcc/arm-none-eabi/12.3.1/thumb/v7e-m+fp/hard/crtbegin.o

.ccmram         0x10000000        0x0 load address 0x08003338
                0x10000000                        . = ALIGN (0x4)
                0x10000000                        _sccmram = .
 *(.ccmram)
 *(.ccmram*)
                0x10000000                        . = ALIGN (0x4)
                0x10000000                        _eccmram = .
                0x10000000                        . = ALIGN (0x4)

.bss            0x20000070    0x12e9c
                0x20000070                        _sbss = .
                0x20000070                        __bss_start__ = _sbss
 *(.bss)
 .bss           0x20000070       0x1c D:/App/ST/STM32CubeIDE_1.16.0/STM32CubeIDE/plugins/com.st.stm32cube.ide.mcu.externaltools.gnu-tools-for-stm32.12.3.rel1.win32_1.0.200.202406191623/tools/bin/../lib/gcc/arm-none-eabi/12.3.1/thumb/v7e-m+fp/hard/crtbegin.o
 *(.bss*)
 .bss.uwTick    0x2000008c        0x4 ./Drivers/STM32F4xx_HAL_Driver/Src/stm32f4xx_hal.o
                0x2000008c                uwTick
 .bss.pxCurrentTCB
                0x20000090        0x4 ./FreeRTOS/tasks.o
                0x20000090                pxCurrentTCB
 .bss.pxReadyTasksLists
                0x20000094       0x64 ./FreeRTOS/tasks.o
 .bss.xDelayedTaskList1
                0x200000f8       0x14 ./FreeRTOS/tasks.o
 .bss.xDelayedTaskList2
                0x2000010c       0x14 ./FreeRTOS/tasks.o
 .bss.pxDelayedTaskList
                0x20000120        0x4 ./FreeRTOS/tasks.o
 .bss.pxOverflowDelayedTaskList
                0x20000124        0x4 ./FreeRTOS/tasks.o
 .bss.xPendingReadyList
                0x20000128       0x14 ./FreeRTOS/tasks.o
 .bss.xTasksWaitingTermination
                0x2000013c       0x14 ./FreeRTOS/tasks.o
 .bss.uxDeletedTasksWaitingCleanUp
                0x20000150        0x4 ./FreeRTOS/tasks.o
 .bss.xSuspendedTaskList
                0x20000154       0x14 ./FreeRTOS/tasks.o
 .bss.uxCurrentNumberOfTasks
                0x20000168        0x4 ./FreeRTOS/tasks.o
 .bss.xTickCount
                0x2000016c        0x4 ./FreeRTOS/tasks.o
 .bss.uxTopReadyPriority
                0x20000170        0x4 ./FreeRTOS/tasks.o
 .bss.xSchedulerRunning
                0x20000174        0x4 ./FreeRTOS/tasks.o
 .bss.xPendedTicks
                0x20000178        0x4 ./FreeRTOS/tasks.o
 .bss.xYieldPending
                0x2000017c        0x4 ./FreeRTOS/tasks.o
 .bss.xNumOfOverflows
                0x20000180        0x4 ./FreeRTOS/tasks.o
 .bss.uxTaskNumber
                0x20000184        0x4 ./FreeRTOS/tasks.o
 .bss.xNextTaskUnblockTime
                0x20000188        0x4 ./FreeRTOS/tasks.o
 .bss.xIdleTaskHandle
                0x2000018c        0x4 ./FreeRTOS/tasks.o
 .bss.uxSchedulerSuspended
                0x20000190        0x4 ./FreeRTOS/tasks.o
 .bss.ucMaxSysCallPriority
                0x20000194        0x1 ./FreeRTOS/portable/GCC/ARM_CM4F/port.o
 *fill*         0x20000195        0x3 
 .bss.ulMaxPRIGROUPValue
                0x20000198        0x4 ./FreeRTOS/portable/GCC/ARM_CM4F/port.o
 .bss.ucHeap    0x2000019c    0x12c00 ./FreeRTOS/portable/MemMang/heap_4.o
 .bss.xStart    0x20012d9c        0x8 ./FreeRTOS/portable/MemMang/heap_4.o
 .bss.pxEnd     0x20012da4        0x4 ./FreeRTOS/portable/MemMang/heap_4.o
 .bss.xFreeBytesRemaining
                0x20012da8        0x4 ./FreeRTOS/portable/MemMang/heap_4.o
 .bss.xMinimumEverFreeBytesRemaining
                0x20012dac        0x4 ./FreeRTOS/portable/MemMang/heap_4.o
 .bss.xNumberOfSuccessfulAllocations
                0x20012db0        0x4 ./FreeRTOS/portable/MemMang/heap_4.o
 .bss.xNumberOfSuccessfulFrees
                0x20012db4        0x4 ./FreeRTOS/portable/MemMang/heap_4.o
 .bss.xBlockAllocatedBit
                0x20012db8        0x4 ./FreeRTOS/portable/MemMang/heap_4.o
 .bss.__sf      0x20012dbc      0x138 D:/App/ST/STM32CubeIDE_1.16.0/STM32CubeIDE/plugins/com.st.stm32cube.ide.mcu.externaltools.gnu-tools-for-stm32.12.3.rel1.win32_1.0.200.202406191623/tools/bin/../lib/gcc/arm-none-eabi/12.3.1/../../../../arm-none-eabi/lib/thumb/v7e-m+fp/hard\libc_nano.a(libc_a-findfp.o)
                0x20012dbc                __sf
 .bss.__stdio_exit_handler
                0x20012ef4        0x4 D:/App/ST/STM32CubeIDE_1.16.0/STM32CubeIDE/plugins/com.st.stm32cube.ide.mcu.externaltools.gnu-tools-for-stm32.12.3.rel1.win32_1.0.200.202406191623/tools/bin/../lib/gcc/arm-none-eabi/12.3.1/../../../../arm-none-eabi/lib/thumb/v7e-m+fp/hard\libc_nano.a(libc_a-findfp.o)
                0x20012ef4                __stdio_exit_handler
 .bss.errno     0x20012ef8        0x4 D:/App/ST/STM32CubeIDE_1.16.0/STM32CubeIDE/plugins/com.st.stm32cube.ide.mcu.externaltools.gnu-tools-for-stm32.12.3.rel1.win32_1.0.200.202406191623/tools/bin/../lib/gcc/arm-none-eabi/12.3.1/../../../../arm-none-eabi/lib/thumb/v7e-m+fp/hard\libc_nano.a(libc_a-reent.o)
                0x20012ef8                errno
 .bss.__lock___malloc_recursive_mutex
                0x20012efc        0x1 D:/App/ST/STM32CubeIDE_1.16.0/STM32CubeIDE/plugins/com.st.stm32cube.ide.mcu.externaltools.gnu-tools-for-stm32.12.3.rel1.win32_1.0.200.202406191623/tools/bin/../lib/gcc/arm-none-eabi/12.3.1/../../../../arm-none-eabi/lib/thumb/v7e-m+fp/hard\libc_nano.a(libc_a-lock.o)
                0x20012efc                __lock___malloc_recursive_mutex
 .bss.__lock___sfp_recursive_mutex
                0x20012efd        0x1 D:/App/ST/STM32CubeIDE_1.16.0/STM32CubeIDE/plugins/com.st.stm32cube.ide.mcu.externaltools.gnu-tools-for-stm32.12.3.rel1.win32_1.0.200.202406191623/tools/bin/../lib/gcc/arm-none-eabi/12.3.1/../../../../arm-none-eabi/lib/thumb/v7e-m+fp/hard\libc_nano.a(libc_a-lock.o)
                0x20012efd                __lock___sfp_recursive_mutex
 *fill*         0x20012efe        0x2 
 .bss.__malloc_sbrk_start
                0x20012f00        0x4 D:/App/ST/STM32CubeIDE_1.16.0/STM32CubeIDE/plugins/com.st.stm32cube.ide.mcu.externaltools.gnu-tools-for-stm32.12.3.rel1.win32_1.0.200.202406191623/tools/bin/../lib/gcc/arm-none-eabi/12.3.1/../../../../arm-none-eabi/lib/thumb/v7e-m+fp/hard\libc_nano.a(libc_a-mallocr.o)
                0x20012f00                __malloc_sbrk_start
 .bss.__malloc_free_list
                0x20012f04        0x4 D:/App/ST/STM32CubeIDE_1.16.0/STM32CubeIDE/plugins/com.st.stm32cube.ide.mcu.externaltools.gnu-tools-for-stm32.12.3.rel1.win32_1.0.200.202406191623/tools/bin/../lib/gcc/arm-none-eabi/12.3.1/../../../../arm-none-eabi/lib/thumb/v7e-m+fp/hard\libc_nano.a(libc_a-mallocr.o)
                0x20012f04                __malloc_free_list
 .bss.heap_end.0
                0x20012f08        0x4 D:/App/ST/STM32CubeIDE_1.16.0/STM32CubeIDE/plugins/com.st.stm32cube.ide.mcu.externaltools.gnu-tools-for-stm32.12.3.rel1.win32_1.0.200.202406191623/tools/bin/../lib/gcc/arm-none-eabi/12.3.1/../../../../arm-none-eabi/lib/thumb/v7e-m+fp/hard\libnosys.a(sbrk.o)
 *(COMMON)
                0x20012f0c                        . = ALIGN (0x4)
                0x20012f0c                        _ebss = .
                0x20012f0c                        __bss_end__ = _ebss

._user_heap_stack
                0x20012f0c      0x604
                0x20012f10                        . = ALIGN (0x8)
 *fill*         0x20012f0c        0x4 
                0x20012f10                        PROVIDE (end = .)
                [!provide]                        PROVIDE (_end = .)
                0x20013110                        . = (. + _Min_Heap_Size)
 *fill*         0x20012f10      0x200 
                0x20013510                        . = (. + _Min_Stack_Size)
 *fill*         0x20013110      0x400 
                0x20013510                        . = ALIGN (0x8)

/DISCARD/
 libc.a(*)
 libm.a(*)
 libgcc.a(*)

.ARM.attributes
                0x00000000       0x30
 *(.ARM.attributes)
 .ARM.attributes
                0x00000000       0x22 D:/App/ST/STM32CubeIDE_1.16.0/STM32CubeIDE/plugins/com.st.stm32cube.ide.mcu.externaltools.gnu-tools-for-stm32.12.3.rel1.win32_1.0.200.202406191623/tools/bin/../lib/gcc/arm-none-eabi/12.3.1/thumb/v7e-m+fp/hard/crti.o
 .ARM.attributes
                0x00000022       0x34 D:/App/ST/STM32CubeIDE_1.16.0/STM32CubeIDE/plugins/com.st.stm32cube.ide.mcu.externaltools.gnu-tools-for-stm32.12.3.rel1.win32_1.0.200.202406191623/tools/bin/../lib/gcc/arm-none-eabi/12.3.1/thumb/v7e-m+fp/hard/crtbegin.o
 .ARM.attributes
                0x00000056       0x34 ./Core/Src/main.o
 .ARM.attributes
                0x0000008a       0x34 ./Core/Src/stm32f4xx_hal_msp.o
 .ARM.attributes
                0x000000be       0x34 ./Core/Src/stm32f4xx_it.o
 .ARM.attributes
                0x000000f2       0x34 ./Core/Src/syscalls.o
 .ARM.attributes
                0x00000126       0x34 ./Core/Src/system_stm32f4xx.o
 .ARM.attributes
                0x0000015a       0x21 ./Core/Startup/startup_stm32f429zitx.o
 .ARM.attributes
                0x0000017b       0x34 ./Drivers/STM32F4xx_HAL_Driver/Src/stm32f4xx_hal.o
 .ARM.attributes
                0x000001af       0x34 ./Drivers/STM32F4xx_HAL_Driver/Src/stm32f4xx_hal_cortex.o
 .ARM.attributes
                0x000001e3       0x34 ./Drivers/STM32F4xx_HAL_Driver/Src/stm32f4xx_hal_gpio.o
 .ARM.attributes
                0x00000217       0x34 ./Drivers/STM32F4xx_HAL_Driver/Src/stm32f4xx_hal_pwr_ex.o
 .ARM.attributes
                0x0000024b       0x34 ./Drivers/STM32F4xx_HAL_Driver/Src/stm32f4xx_hal_rcc.o
 .ARM.attributes
                0x0000027f       0x34 ./FreeRTOS/list.o
 .ARM.attributes
                0x000002b3       0x34 ./FreeRTOS/tasks.o
 .ARM.attributes
                0x000002e7       0x34 ./FreeRTOS/portable/GCC/ARM_CM4F/port.o
 .ARM.attributes
                0x0000031b       0x34 ./FreeRTOS/portable/MemMang/heap_4.o
 .ARM.attributes
                0x0000034f       0x34 D:/App/ST/STM32CubeIDE_1.16.0/STM32CubeIDE/plugins/com.st.stm32cube.ide.mcu.externaltools.gnu-tools-for-stm32.12.3.rel1.win32_1.0.200.202406191623/tools/bin/../lib/gcc/arm-none-eabi/12.3.1/../../../../arm-none-eabi/lib/thumb/v7e-m+fp/hard\libc_nano.a(libc_a-findfp.o)
 .ARM.attributes
                0x00000383       0x34 D:/App/ST/STM32CubeIDE_1.16.0/STM32CubeIDE/plugins/com.st.stm32cube.ide.mcu.externaltools.gnu-tools-for-stm32.12.3.rel1.win32_1.0.200.202406191623/tools/bin/../lib/gcc/arm-none-eabi/12.3.1/../../../../arm-none-eabi/lib/thumb/v7e-m+fp/hard\libc_nano.a(libc_a-fwalk.o)
 .ARM.attributes
                0x000003b7       0x34 D:/App/ST/STM32CubeIDE_1.16.0/STM32CubeIDE/plugins/com.st.stm32cube.ide.mcu.externaltools.gnu-tools-for-stm32.12.3.rel1.win32_1.0.200.202406191623/tools/bin/../lib/gcc/arm-none-eabi/12.3.1/../../../../arm-none-eabi/lib/thumb/v7e-m+fp/hard\libc_nano.a(libc_a-puts.o)
 .ARM.attributes
                0x000003eb       0x34 D:/App/ST/STM32CubeIDE_1.16.0/STM32CubeIDE/plugins/com.st.stm32cube.ide.mcu.externaltools.gnu-tools-for-stm32.12.3.rel1.win32_1.0.200.202406191623/tools/bin/../lib/gcc/arm-none-eabi/12.3.1/../../../../arm-none-eabi/lib/thumb/v7e-m+fp/hard\libc_nano.a(libc_a-stdio.o)
 .ARM.attributes
                0x0000041f       0x34 D:/App/ST/STM32CubeIDE_1.16.0/STM32CubeIDE/plugins/com.st.stm32cube.ide.mcu.externaltools.gnu-tools-for-stm32.12.3.rel1.win32_1.0.200.202406191623/tools/bin/../lib/gcc/arm-none-eabi/12.3.1/../../../../arm-none-eabi/lib/thumb/v7e-m+fp/hard\libc_nano.a(libc_a-wbuf.o)
 .ARM.attributes
                0x00000453       0x34 D:/App/ST/STM32CubeIDE_1.16.0/STM32CubeIDE/plugins/com.st.stm32cube.ide.mcu.externaltools.gnu-tools-for-stm32.12.3.rel1.win32_1.0.200.202406191623/tools/bin/../lib/gcc/arm-none-eabi/12.3.1/../../../../arm-none-eabi/lib/thumb/v7e-m+fp/hard\libc_nano.a(libc_a-wsetup.o)
 .ARM.attributes
                0x00000487       0x34 D:/App/ST/STM32CubeIDE_1.16.0/STM32CubeIDE/plugins/com.st.stm32cube.ide.mcu.externaltools.gnu-tools-for-stm32.12.3.rel1.win32_1.0.200.202406191623/tools/bin/../lib/gcc/arm-none-eabi/12.3.1/../../../../arm-none-eabi/lib/thumb/v7e-m+fp/hard\libc_nano.a(libc_a-memset.o)
 .ARM.attributes
                0x000004bb       0x34 D:/App/ST/STM32CubeIDE_1.16.0/STM32CubeIDE/plugins/com.st.stm32cube.ide.mcu.externaltools.gnu-tools-for-stm32.12.3.rel1.win32_1.0.200.202406191623/tools/bin/../lib/gcc/arm-none-eabi/12.3.1/../../../../arm-none-eabi/lib/thumb/v7e-m+fp/hard\libc_nano.a(libc_a-closer.o)
 .ARM.attributes
                0x000004ef       0x34 D:/App/ST/STM32CubeIDE_1.16.0/STM32CubeIDE/plugins/com.st.stm32cube.ide.mcu.externaltools.gnu-tools-for-stm32.12.3.rel1.win32_1.0.200.202406191623/tools/bin/../lib/gcc/arm-none-eabi/12.3.1/../../../../arm-none-eabi/lib/thumb/v7e-m+fp/hard\libc_nano.a(libc_a-reent.o)
 .ARM.attributes
                0x00000523       0x34 D:/App/ST/STM32CubeIDE_1.16.0/STM32CubeIDE/plugins/com.st.stm32cube.ide.mcu.externaltools.gnu-tools-for-stm32.12.3.rel1.win32_1.0.200.202406191623/tools/bin/../lib/gcc/arm-none-eabi/12.3.1/../../../../arm-none-eabi/lib/thumb/v7e-m+fp/hard\libc_nano.a(libc_a-impure.o)
 .ARM.attributes
                0x00000557       0x34 D:/App/ST/STM32CubeIDE_1.16.0/STM32CubeIDE/plugins/com.st.stm32cube.ide.mcu.externaltools.gnu-tools-for-stm32.12.3.rel1.win32_1.0.200.202406191623/tools/bin/../lib/gcc/arm-none-eabi/12.3.1/../../../../arm-none-eabi/lib/thumb/v7e-m+fp/hard\libc_nano.a(libc_a-lseekr.o)
 .ARM.attributes
                0x0000058b       0x34 D:/App/ST/STM32CubeIDE_1.16.0/STM32CubeIDE/plugins/com.st.stm32cube.ide.mcu.externaltools.gnu-tools-for-stm32.12.3.rel1.win32_1.0.200.202406191623/tools/bin/../lib/gcc/arm-none-eabi/12.3.1/../../../../arm-none-eabi/lib/thumb/v7e-m+fp/hard\libc_nano.a(libc_a-readr.o)
 .ARM.attributes
                0x000005bf       0x34 D:/App/ST/STM32CubeIDE_1.16.0/STM32CubeIDE/plugins/com.st.stm32cube.ide.mcu.externaltools.gnu-tools-for-stm32.12.3.rel1.win32_1.0.200.202406191623/tools/bin/../lib/gcc/arm-none-eabi/12.3.1/../../../../arm-none-eabi/lib/thumb/v7e-m+fp/hard\libc_nano.a(libc_a-writer.o)
 .ARM.attributes
                0x000005f3       0x34 D:/App/ST/STM32CubeIDE_1.16.0/STM32CubeIDE/plugins/com.st.stm32cube.ide.mcu.externaltools.gnu-tools-for-stm32.12.3.rel1.win32_1.0.200.202406191623/tools/bin/../lib/gcc/arm-none-eabi/12.3.1/../../../../arm-none-eabi/lib/thumb/v7e-m+fp/hard\libc_nano.a(libc_a-init.o)
 .ARM.attributes
                0x00000627       0x34 D:/App/ST/STM32CubeIDE_1.16.0/STM32CubeIDE/plugins/com.st.stm32cube.ide.mcu.externaltools.gnu-tools-for-stm32.12.3.rel1.win32_1.0.200.202406191623/tools/bin/../lib/gcc/arm-none-eabi/12.3.1/../../../../arm-none-eabi/lib/thumb/v7e-m+fp/hard\libc_nano.a(libc_a-lock.o)
 .ARM.attributes
                0x0000065b       0x34 D:/App/ST/STM32CubeIDE_1.16.0/STM32CubeIDE/plugins/com.st.stm32cube.ide.mcu.externaltools.gnu-tools-for-stm32.12.3.rel1.win32_1.0.200.202406191623/tools/bin/../lib/gcc/arm-none-eabi/12.3.1/../../../../arm-none-eabi/lib/thumb/v7e-m+fp/hard\libc_nano.a(libc_a-freer.o)
 .ARM.attributes
                0x0000068f       0x34 D:/App/ST/STM32CubeIDE_1.16.0/STM32CubeIDE/plugins/com.st.stm32cube.ide.mcu.externaltools.gnu-tools-for-stm32.12.3.rel1.win32_1.0.200.202406191623/tools/bin/../lib/gcc/arm-none-eabi/12.3.1/../../../../arm-none-eabi/lib/thumb/v7e-m+fp/hard\libc_nano.a(libc_a-mallocr.o)
 .ARM.attributes
                0x000006c3       0x34 D:/App/ST/STM32CubeIDE_1.16.0/STM32CubeIDE/plugins/com.st.stm32cube.ide.mcu.externaltools.gnu-tools-for-stm32.12.3.rel1.win32_1.0.200.202406191623/tools/bin/../lib/gcc/arm-none-eabi/12.3.1/../../../../arm-none-eabi/lib/thumb/v7e-m+fp/hard\libc_nano.a(libc_a-mlock.o)
 .ARM.attributes
                0x000006f7       0x34 D:/App/ST/STM32CubeIDE_1.16.0/STM32CubeIDE/plugins/com.st.stm32cube.ide.mcu.externaltools.gnu-tools-for-stm32.12.3.rel1.win32_1.0.200.202406191623/tools/bin/../lib/gcc/arm-none-eabi/12.3.1/../../../../arm-none-eabi/lib/thumb/v7e-m+fp/hard\libc_nano.a(libc_a-fflush.o)
 .ARM.attributes
                0x0000072b       0x34 D:/App/ST/STM32CubeIDE_1.16.0/STM32CubeIDE/plugins/com.st.stm32cube.ide.mcu.externaltools.gnu-tools-for-stm32.12.3.rel1.win32_1.0.200.202406191623/tools/bin/../lib/gcc/arm-none-eabi/12.3.1/../../../../arm-none-eabi/lib/thumb/v7e-m+fp/hard\libc_nano.a(libc_a-makebuf.o)
 .ARM.attributes
                0x0000075f       0x34 D:/App/ST/STM32CubeIDE_1.16.0/STM32CubeIDE/plugins/com.st.stm32cube.ide.mcu.externaltools.gnu-tools-for-stm32.12.3.rel1.win32_1.0.200.202406191623/tools/bin/../lib/gcc/arm-none-eabi/12.3.1/../../../../arm-none-eabi/lib/thumb/v7e-m+fp/hard\libc_nano.a(libc_a-fstatr.o)
 .ARM.attributes
                0x00000793       0x34 D:/App/ST/STM32CubeIDE_1.16.0/STM32CubeIDE/plugins/com.st.stm32cube.ide.mcu.externaltools.gnu-tools-for-stm32.12.3.rel1.win32_1.0.200.202406191623/tools/bin/../lib/gcc/arm-none-eabi/12.3.1/../../../../arm-none-eabi/lib/thumb/v7e-m+fp/hard\libc_nano.a(libc_a-isattyr.o)
 .ARM.attributes
                0x000007c7       0x34 D:/App/ST/STM32CubeIDE_1.16.0/STM32CubeIDE/plugins/com.st.stm32cube.ide.mcu.externaltools.gnu-tools-for-stm32.12.3.rel1.win32_1.0.200.202406191623/tools/bin/../lib/gcc/arm-none-eabi/12.3.1/../../../../arm-none-eabi/lib/thumb/v7e-m+fp/hard\libc_nano.a(libc_a-sbrkr.o)
 .ARM.attributes
                0x000007fb       0x22 D:/App/ST/STM32CubeIDE_1.16.0/STM32CubeIDE/plugins/com.st.stm32cube.ide.mcu.externaltools.gnu-tools-for-stm32.12.3.rel1.win32_1.0.200.202406191623/tools/bin/../lib/gcc/arm-none-eabi/12.3.1/thumb/v7e-m+fp/hard\libgcc.a(_aeabi_uldivmod.o)
 .ARM.attributes
                0x0000081d       0x34 D:/App/ST/STM32CubeIDE_1.16.0/STM32CubeIDE/plugins/com.st.stm32cube.ide.mcu.externaltools.gnu-tools-for-stm32.12.3.rel1.win32_1.0.200.202406191623/tools/bin/../lib/gcc/arm-none-eabi/12.3.1/thumb/v7e-m+fp/hard\libgcc.a(_udivmoddi4.o)
 .ARM.attributes
                0x00000851       0x22 D:/App/ST/STM32CubeIDE_1.16.0/STM32CubeIDE/plugins/com.st.stm32cube.ide.mcu.externaltools.gnu-tools-for-stm32.12.3.rel1.win32_1.0.200.202406191623/tools/bin/../lib/gcc/arm-none-eabi/12.3.1/thumb/v7e-m+fp/hard\libgcc.a(_dvmd_tls.o)
 .ARM.attributes
                0x00000873       0x34 D:/App/ST/STM32CubeIDE_1.16.0/STM32CubeIDE/plugins/com.st.stm32cube.ide.mcu.externaltools.gnu-tools-for-stm32.12.3.rel1.win32_1.0.200.202406191623/tools/bin/../lib/gcc/arm-none-eabi/12.3.1/../../../../arm-none-eabi/lib/thumb/v7e-m+fp/hard\libnosys.a(sbrk.o)
 .ARM.attributes
                0x000008a7       0x22 D:/App/ST/STM32CubeIDE_1.16.0/STM32CubeIDE/plugins/com.st.stm32cube.ide.mcu.externaltools.gnu-tools-for-stm32.12.3.rel1.win32_1.0.200.202406191623/tools/bin/../lib/gcc/arm-none-eabi/12.3.1/thumb/v7e-m+fp/hard/crtn.o
OUTPUT(BEGIN_FREERTOS.elf elf32-littlearm)
LOAD linker stubs
LOAD D:/App/ST/STM32CubeIDE_1.16.0/STM32CubeIDE/plugins/com.st.stm32cube.ide.mcu.externaltools.gnu-tools-for-stm32.12.3.rel1.win32_1.0.200.202406191623/tools/bin/../lib/gcc/arm-none-eabi/12.3.1/../../../../arm-none-eabi/lib/thumb/v7e-m+fp/hard\libc.a
LOAD D:/App/ST/STM32CubeIDE_1.16.0/STM32CubeIDE/plugins/com.st.stm32cube.ide.mcu.externaltools.gnu-tools-for-stm32.12.3.rel1.win32_1.0.200.202406191623/tools/bin/../lib/gcc/arm-none-eabi/12.3.1/../../../../arm-none-eabi/lib/thumb/v7e-m+fp/hard\libm.a
LOAD D:/App/ST/STM32CubeIDE_1.16.0/STM32CubeIDE/plugins/com.st.stm32cube.ide.mcu.externaltools.gnu-tools-for-stm32.12.3.rel1.win32_1.0.200.202406191623/tools/bin/../lib/gcc/arm-none-eabi/12.3.1/thumb/v7e-m+fp/hard\libgcc.a

.debug_info     0x00000000     0x7179
 .debug_info    0x00000000      0x7a6 ./Core/Src/main.o
 .debug_info    0x000007a6      0x281 ./Core/Src/stm32f4xx_hal_msp.o
 .debug_info    0x00000a27       0xd8 ./Core/Src/stm32f4xx_it.o
 .debug_info    0x00000aff      0x6d1 ./Core/Src/syscalls.o
 .debug_info    0x000011d0      0x52e ./Core/Src/system_stm32f4xx.o
 .debug_info    0x000016fe       0x30 ./Core/Startup/startup_stm32f429zitx.o
 .debug_info    0x0000172e      0x9ba ./Drivers/STM32F4xx_HAL_Driver/Src/stm32f4xx_hal.o
 .debug_info    0x000020e8      0xdc2 ./Drivers/STM32F4xx_HAL_Driver/Src/stm32f4xx_hal_cortex.o
 .debug_info    0x00002eaa      0x6db ./Drivers/STM32F4xx_HAL_Driver/Src/stm32f4xx_hal_gpio.o
 .debug_info    0x00003585      0x6be ./Drivers/STM32F4xx_HAL_Driver/Src/stm32f4xx_hal_pwr_ex.o
 .debug_info    0x00003c43      0x8c7 ./Drivers/STM32F4xx_HAL_Driver/Src/stm32f4xx_hal_rcc.o
 .debug_info    0x0000450a      0x2af ./FreeRTOS/list.o
 .debug_info    0x000047b9     0x200a ./FreeRTOS/tasks.o
 .debug_info    0x000067c3      0x4e1 ./FreeRTOS/portable/GCC/ARM_CM4F/port.o
 .debug_info    0x00006ca4      0x4d5 ./FreeRTOS/portable/MemMang/heap_4.o

.debug_abbrev   0x00000000     0x1ac1
 .debug_abbrev  0x00000000      0x252 ./Core/Src/main.o
 .debug_abbrev  0x00000252       0xd8 ./Core/Src/stm32f4xx_hal_msp.o
 .debug_abbrev  0x0000032a       0x47 ./Core/Src/stm32f4xx_it.o
 .debug_abbrev  0x00000371      0x1b1 ./Core/Src/syscalls.o
 .debug_abbrev  0x00000522      0x11a ./Core/Src/system_stm32f4xx.o
 .debug_abbrev  0x0000063c       0x24 ./Core/Startup/startup_stm32f429zitx.o
 .debug_abbrev  0x00000660      0x214 ./Drivers/STM32F4xx_HAL_Driver/Src/stm32f4xx_hal.o
 .debug_abbrev  0x00000874      0x31d ./Drivers/STM32F4xx_HAL_Driver/Src/stm32f4xx_hal_cortex.o
 .debug_abbrev  0x00000b91      0x1d4 ./Drivers/STM32F4xx_HAL_Driver/Src/stm32f4xx_hal_gpio.o
 .debug_abbrev  0x00000d65      0x1cf ./Drivers/STM32F4xx_HAL_Driver/Src/stm32f4xx_hal_pwr_ex.o
 .debug_abbrev  0x00000f34      0x2b7 ./Drivers/STM32F4xx_HAL_Driver/Src/stm32f4xx_hal_rcc.o
 .debug_abbrev  0x000011eb       0xf5 ./FreeRTOS/list.o
 .debug_abbrev  0x000012e0      0x369 ./FreeRTOS/tasks.o
 .debug_abbrev  0x00001649      0x25a ./FreeRTOS/portable/GCC/ARM_CM4F/port.o
 .debug_abbrev  0x000018a3      0x21e ./FreeRTOS/portable/MemMang/heap_4.o

.debug_aranges  0x00000000      0x828
 .debug_aranges
                0x00000000       0x48 ./Core/Src/main.o
 .debug_aranges
                0x00000048       0x20 ./Core/Src/stm32f4xx_hal_msp.o
 .debug_aranges
                0x00000068       0x48 ./Core/Src/stm32f4xx_it.o
 .debug_aranges
                0x000000b0       0xb0 ./Core/Src/syscalls.o
 .debug_aranges
                0x00000160       0x28 ./Core/Src/system_stm32f4xx.o
 .debug_aranges
                0x00000188       0x28 ./Core/Startup/startup_stm32f429zitx.o
 .debug_aranges
                0x000001b0      0x100 ./Drivers/STM32F4xx_HAL_Driver/Src/stm32f4xx_hal.o
 .debug_aranges
                0x000002b0      0x130 ./Drivers/STM32F4xx_HAL_Driver/Src/stm32f4xx_hal_cortex.o
 .debug_aranges
                0x000003e0       0x58 ./Drivers/STM32F4xx_HAL_Driver/Src/stm32f4xx_hal_gpio.o
 .debug_aranges
                0x00000438       0x60 ./Drivers/STM32F4xx_HAL_Driver/Src/stm32f4xx_hal_pwr_ex.o
 .debug_aranges
                0x00000498       0x88 ./Drivers/STM32F4xx_HAL_Driver/Src/stm32f4xx_hal_rcc.o
 .debug_aranges
                0x00000520       0x40 ./FreeRTOS/list.o
 .debug_aranges
                0x00000560      0x1f0 ./FreeRTOS/tasks.o
 .debug_aranges
                0x00000750       0x80 ./FreeRTOS/portable/GCC/ARM_CM4F/port.o
 .debug_aranges
                0x000007d0       0x58 ./FreeRTOS/portable/MemMang/heap_4.o

.debug_rnglists
                0x00000000      0x607
 .debug_rnglists
                0x00000000       0x33 ./Core/Src/main.o
 .debug_rnglists
                0x00000033       0x13 ./Core/Src/stm32f4xx_hal_msp.o
 .debug_rnglists
                0x00000046       0x31 ./Core/Src/stm32f4xx_it.o
 .debug_rnglists
                0x00000077       0x7f ./Core/Src/syscalls.o
 .debug_rnglists
                0x000000f6       0x1a ./Core/Src/system_stm32f4xx.o
 .debug_rnglists
                0x00000110       0x19 ./Core/Startup/startup_stm32f429zitx.o
 .debug_rnglists
                0x00000129       0xbb ./Drivers/STM32F4xx_HAL_Driver/Src/stm32f4xx_hal.o
 .debug_rnglists
                0x000001e4       0xe0 ./Drivers/STM32F4xx_HAL_Driver/Src/stm32f4xx_hal_cortex.o
 .debug_rnglists
                0x000002c4       0x3f ./Drivers/STM32F4xx_HAL_Driver/Src/stm32f4xx_hal_gpio.o
 .debug_rnglists
                0x00000303       0x47 ./Drivers/STM32F4xx_HAL_Driver/Src/stm32f4xx_hal_pwr_ex.o
 .debug_rnglists
                0x0000034a       0x66 ./Drivers/STM32F4xx_HAL_Driver/Src/stm32f4xx_hal_rcc.o
 .debug_rnglists
                0x000003b0       0x2b ./FreeRTOS/list.o
 .debug_rnglists
                0x000003db      0x18d ./FreeRTOS/tasks.o
 .debug_rnglists
                0x00000568       0x5d ./FreeRTOS/portable/GCC/ARM_CM4F/port.o
 .debug_rnglists
                0x000005c5       0x42 ./FreeRTOS/portable/MemMang/heap_4.o

.debug_macro    0x00000000    0x24031
 .debug_macro   0x00000000      0x2fa ./Core/Src/main.o
 .debug_macro   0x000002fa      0xab4 ./Core/Src/main.o
 .debug_macro   0x00000dae      0x28f ./Core/Src/main.o
 .debug_macro   0x0000103d       0x2e ./Core/Src/main.o
 .debug_macro   0x0000106b       0x28 ./Core/Src/main.o
 .debug_macro   0x00001093       0x22 ./Core/Src/main.o
 .debug_macro   0x000010b5       0x8e ./Core/Src/main.o
 .debug_macro   0x00001143       0x51 ./Core/Src/main.o
 .debug_macro   0x00001194      0x103 ./Core/Src/main.o
 .debug_macro   0x00001297       0x6a ./Core/Src/main.o
 .debug_macro   0x00001301      0x1df ./Core/Src/main.o
 .debug_macro   0x000014e0       0x1c ./Core/Src/main.o
 .debug_macro   0x000014fc       0x22 ./Core/Src/main.o
 .debug_macro   0x0000151e       0xfb ./Core/Src/main.o
 .debug_macro   0x00001619     0x1011 ./Core/Src/main.o
 .debug_macro   0x0000262a      0x11f ./Core/Src/main.o
 .debug_macro   0x00002749    0x17fd8 ./Core/Src/main.o
 .debug_macro   0x0001a721       0x6d ./Core/Src/main.o
 .debug_macro   0x0001a78e     0x3711 ./Core/Src/main.o
 .debug_macro   0x0001de9f      0x189 ./Core/Src/main.o
 .debug_macro   0x0001e028       0x5c ./Core/Src/main.o
 .debug_macro   0x0001e084      0xcba ./Core/Src/main.o
 .debug_macro   0x0001ed3e      0x9e9 ./Core/Src/main.o
 .debug_macro   0x0001f727      0x115 ./Core/Src/main.o
 .debug_macro   0x0001f83c      0x156 ./Core/Src/main.o
 .debug_macro   0x0001f992       0xa5 ./Core/Src/main.o
 .debug_macro   0x0001fa37      0x182 ./Core/Src/main.o
 .debug_macro   0x0001fbb9      0x287 ./Core/Src/main.o
 .debug_macro   0x0001fe40       0x5f ./Core/Src/main.o
 .debug_macro   0x0001fe9f      0x236 ./Core/Src/main.o
 .debug_macro   0x000200d5      0x132 ./Core/Src/main.o
 .debug_macro   0x00020207      0x41d ./Core/Src/main.o
 .debug_macro   0x00020624       0x2e ./Core/Src/main.o
 .debug_macro   0x00020652      0x127 ./Core/Src/main.o
 .debug_macro   0x00020779       0xe2 ./Core/Src/main.o
 .debug_macro   0x0002085b       0x89 ./Core/Src/main.o
 .debug_macro   0x000208e4      0x134 ./Core/Src/main.o
 .debug_macro   0x00020a18       0x61 ./Core/Src/main.o
 .debug_macro   0x00020a79       0x2a ./Core/Src/main.o
 .debug_macro   0x00020aa3       0x43 ./Core/Src/main.o
 .debug_macro   0x00020ae6       0x34 ./Core/Src/main.o
 .debug_macro   0x00020b1a       0x16 ./Core/Src/main.o
 .debug_macro   0x00020b30       0x35 ./Core/Src/main.o
 .debug_macro   0x00020b65      0x369 ./Core/Src/main.o
 .debug_macro   0x00020ece       0x10 ./Core/Src/main.o
 .debug_macro   0x00020ede       0x16 ./Core/Src/main.o
 .debug_macro   0x00020ef4       0x43 ./Core/Src/main.o
 .debug_macro   0x00020f37       0x34 ./Core/Src/main.o
 .debug_macro   0x00020f6b       0x10 ./Core/Src/main.o
 .debug_macro   0x00020f7b       0x58 ./Core/Src/main.o
 .debug_macro   0x00020fd3       0x8e ./Core/Src/main.o
 .debug_macro   0x00021061       0x1c ./Core/Src/main.o
 .debug_macro   0x0002107d      0x177 ./Core/Src/main.o
 .debug_macro   0x000211f4       0x16 ./Core/Src/main.o
 .debug_macro   0x0002120a       0x16 ./Core/Src/main.o
 .debug_macro   0x00021220      0x146 ./Core/Src/main.o
 .debug_macro   0x00021366      0x112 ./Core/Src/main.o
 .debug_macro   0x00021478      0x15a ./Core/Src/main.o
 .debug_macro   0x000215d2       0xea ./Core/Src/main.o
 .debug_macro   0x000216bc       0x1c ./Core/Src/main.o
 .debug_macro   0x000216d8       0x26 ./Core/Src/main.o
 .debug_macro   0x000216fe      0x4f6 ./Core/Src/main.o
 .debug_macro   0x00021bf4       0xb5 ./Core/Src/main.o
 .debug_macro   0x00021ca9      0x120 ./Core/Src/main.o
 .debug_macro   0x00021dc9      0x1ba ./Core/Src/stm32f4xx_hal_msp.o
 .debug_macro   0x00021f83      0x1c4 ./Core/Src/stm32f4xx_it.o
 .debug_macro   0x00022147      0x286 ./Core/Src/syscalls.o
 .debug_macro   0x000223cd       0x5b ./Core/Src/syscalls.o
 .debug_macro   0x00022428       0x94 ./Core/Src/syscalls.o
 .debug_macro   0x000224bc       0x57 ./Core/Src/syscalls.o
 .debug_macro   0x00022513       0x10 ./Core/Src/syscalls.o
 .debug_macro   0x00022523       0x10 ./Core/Src/syscalls.o
 .debug_macro   0x00022533       0x10 ./Core/Src/syscalls.o
 .debug_macro   0x00022543       0x10 ./Core/Src/syscalls.o
 .debug_macro   0x00022553       0x1c ./Core/Src/syscalls.o
 .debug_macro   0x0002256f       0x52 ./Core/Src/syscalls.o
 .debug_macro   0x000225c1       0x22 ./Core/Src/syscalls.o
 .debug_macro   0x000225e3       0x10 ./Core/Src/syscalls.o
 .debug_macro   0x000225f3       0x52 ./Core/Src/syscalls.o
 .debug_macro   0x00022645       0xcf ./Core/Src/syscalls.o
 .debug_macro   0x00022714       0x1c ./Core/Src/syscalls.o
 .debug_macro   0x00022730       0x3d ./Core/Src/syscalls.o
 .debug_macro   0x0002276d       0x35 ./Core/Src/syscalls.o
 .debug_macro   0x000227a2      0x12c ./Core/Src/syscalls.o
 .debug_macro   0x000228ce       0x16 ./Core/Src/syscalls.o
 .debug_macro   0x000228e4       0x16 ./Core/Src/syscalls.o
 .debug_macro   0x000228fa       0x29 ./Core/Src/syscalls.o
 .debug_macro   0x00022923       0x10 ./Core/Src/syscalls.o
 .debug_macro   0x00022933      0x242 ./Core/Src/syscalls.o
 .debug_macro   0x00022b75       0x1c ./Core/Src/syscalls.o
 .debug_macro   0x00022b91       0x10 ./Core/Src/syscalls.o
 .debug_macro   0x00022ba1      0x18a ./Core/Src/syscalls.o
 .debug_macro   0x00022d2b       0x16 ./Core/Src/syscalls.o
 .debug_macro   0x00022d41       0xce ./Core/Src/syscalls.o
 .debug_macro   0x00022e0f      0x1b0 ./Core/Src/system_stm32f4xx.o
 .debug_macro   0x00022fbf      0x210 ./Drivers/STM32F4xx_HAL_Driver/Src/stm32f4xx_hal.o
 .debug_macro   0x000231cf      0x1b0 ./Drivers/STM32F4xx_HAL_Driver/Src/stm32f4xx_hal_cortex.o
 .debug_macro   0x0002337f      0x1b6 ./Drivers/STM32F4xx_HAL_Driver/Src/stm32f4xx_hal_gpio.o
 .debug_macro   0x00023535      0x1c8 ./Drivers/STM32F4xx_HAL_Driver/Src/stm32f4xx_hal_pwr_ex.o
 .debug_macro   0x000236fd      0x1d4 ./Drivers/STM32F4xx_HAL_Driver/Src/stm32f4xx_hal_rcc.o
 .debug_macro   0x000238d1      0x193 ./FreeRTOS/list.o
 .debug_macro   0x00023a64      0x279 ./FreeRTOS/tasks.o
 .debug_macro   0x00023cdd       0x10 ./FreeRTOS/tasks.o
 .debug_macro   0x00023ced      0x196 ./FreeRTOS/portable/GCC/ARM_CM4F/port.o
 .debug_macro   0x00023e83      0x1ae ./FreeRTOS/portable/MemMang/heap_4.o

.debug_line     0x00000000     0x9a80
 .debug_line    0x00000000      0xa89 ./Core/Src/main.o
 .debug_line    0x00000a89      0x716 ./Core/Src/stm32f4xx_hal_msp.o
 .debug_line    0x0000119f      0x79a ./Core/Src/stm32f4xx_it.o
 .debug_line    0x00001939      0x901 ./Core/Src/syscalls.o
 .debug_line    0x0000223a      0x79a ./Core/Src/system_stm32f4xx.o
 .debug_line    0x000029d4       0x7a ./Core/Startup/startup_stm32f429zitx.o
 .debug_line    0x00002a4e      0xa39 ./Drivers/STM32F4xx_HAL_Driver/Src/stm32f4xx_hal.o
 .debug_line    0x00003487      0xcf5 ./Drivers/STM32F4xx_HAL_Driver/Src/stm32f4xx_hal_cortex.o
 .debug_line    0x0000417c      0xbb7 ./Drivers/STM32F4xx_HAL_Driver/Src/stm32f4xx_hal_gpio.o
 .debug_line    0x00004d33      0x92c ./Drivers/STM32F4xx_HAL_Driver/Src/stm32f4xx_hal_pwr_ex.o
 .debug_line    0x0000565f      0xd8c ./Drivers/STM32F4xx_HAL_Driver/Src/stm32f4xx_hal_rcc.o
 .debug_line    0x000063eb      0x7a2 ./FreeRTOS/list.o
 .debug_line    0x00006b8d     0x1c85 ./FreeRTOS/tasks.o
 .debug_line    0x00008812      0x880 ./FreeRTOS/portable/GCC/ARM_CM4F/port.o
 .debug_line    0x00009092      0x9ee ./FreeRTOS/portable/MemMang/heap_4.o

.debug_str      0x00000000    0xd8024
 .debug_str     0x00000000    0xd215c ./Core/Src/main.o
                              0xd2446 (size before relaxing)
 .debug_str     0x000d215c       0x2c ./Core/Src/stm32f4xx_hal_msp.o
                              0xc9ebb (size before relaxing)
 .debug_str     0x000d2188       0x92 ./Core/Src/stm32f4xx_it.o
                              0xc9df7 (size before relaxing)
 .debug_str     0x000d221a     0x1fd6 ./Core/Src/syscalls.o
                               0x994b (size before relaxing)
 .debug_str     0x000d41f0       0xdb ./Core/Src/system_stm32f4xx.o
                              0xc9f6b (size before relaxing)
 .debug_str     0x000d42cb       0x44 ./Core/Startup/startup_stm32f429zitx.o
                                 0x68 (size before relaxing)
 .debug_str     0x000d430f      0xbb7 ./Drivers/STM32F4xx_HAL_Driver/Src/stm32f4xx_hal.o
                              0xcab8e (size before relaxing)
 .debug_str     0x000d4ec6      0x392 ./Drivers/STM32F4xx_HAL_Driver/Src/stm32f4xx_hal_cortex.o
                              0xca8bc (size before relaxing)
 .debug_str     0x000d5258      0x131 ./Drivers/STM32F4xx_HAL_Driver/Src/stm32f4xx_hal_gpio.o
                              0xca0e6 (size before relaxing)
 .debug_str     0x000d5389      0x135 ./Drivers/STM32F4xx_HAL_Driver/Src/stm32f4xx_hal_pwr_ex.o
                              0xca143 (size before relaxing)
 .debug_str     0x000d54be      0x233 ./Drivers/STM32F4xx_HAL_Driver/Src/stm32f4xx_hal_rcc.o
                              0xca39f (size before relaxing)
 .debug_str     0x000d56f1      0x178 ./FreeRTOS/list.o
                               0xacd2 (size before relaxing)
 .debug_str     0x000d5869     0x1d51 ./FreeRTOS/tasks.o
                               0xdd53 (size before relaxing)
 .debug_str     0x000d75ba      0x75c ./FreeRTOS/portable/GCC/ARM_CM4F/port.o
                               0x9496 (size before relaxing)
 .debug_str     0x000d7d16      0x30e ./FreeRTOS/portable/MemMang/heap_4.o
                               0xc19b (size before relaxing)

.comment        0x00000000       0x43
 .comment       0x00000000       0x43 ./Core/Src/main.o
                                 0x44 (size before relaxing)
 .comment       0x00000043       0x44 ./Core/Src/stm32f4xx_hal_msp.o
 .comment       0x00000043       0x44 ./Core/Src/stm32f4xx_it.o
 .comment       0x00000043       0x44 ./Core/Src/syscalls.o
 .comment       0x00000043       0x44 ./Core/Src/system_stm32f4xx.o
 .comment       0x00000043       0x44 ./Drivers/STM32F4xx_HAL_Driver/Src/stm32f4xx_hal.o
 .comment       0x00000043       0x44 ./Drivers/STM32F4xx_HAL_Driver/Src/stm32f4xx_hal_cortex.o
 .comment       0x00000043       0x44 ./Drivers/STM32F4xx_HAL_Driver/Src/stm32f4xx_hal_gpio.o
 .comment       0x00000043       0x44 ./Drivers/STM32F4xx_HAL_Driver/Src/stm32f4xx_hal_pwr_ex.o
 .comment       0x00000043       0x44 ./Drivers/STM32F4xx_HAL_Driver/Src/stm32f4xx_hal_rcc.o
 .comment       0x00000043       0x44 ./FreeRTOS/list.o
 .comment       0x00000043       0x44 ./FreeRTOS/tasks.o
 .comment       0x00000043       0x44 ./FreeRTOS/portable/GCC/ARM_CM4F/port.o
 .comment       0x00000043       0x44 ./FreeRTOS/portable/MemMang/heap_4.o

.debug_frame    0x00000000     0x253c
 .debug_frame   0x00000000       0xd0 ./Core/Src/main.o
 .debug_frame   0x000000d0       0x38 ./Core/Src/stm32f4xx_hal_msp.o
 .debug_frame   0x00000108       0xa8 ./Core/Src/stm32f4xx_it.o
 .debug_frame   0x000001b0      0x2d4 ./Core/Src/syscalls.o
 .debug_frame   0x00000484       0x58 ./Core/Src/system_stm32f4xx.o
 .debug_frame   0x000004dc      0x3b4 ./Drivers/STM32F4xx_HAL_Driver/Src/stm32f4xx_hal.o
 .debug_frame   0x00000890      0x508 ./Drivers/STM32F4xx_HAL_Driver/Src/stm32f4xx_hal_cortex.o
 .debug_frame   0x00000d98      0x14c ./Drivers/STM32F4xx_HAL_Driver/Src/stm32f4xx_hal_gpio.o
 .debug_frame   0x00000ee4      0x14c ./Drivers/STM32F4xx_HAL_Driver/Src/stm32f4xx_hal_pwr_ex.o
 .debug_frame   0x00001030      0x1f4 ./Drivers/STM32F4xx_HAL_Driver/Src/stm32f4xx_hal_rcc.o
 .debug_frame   0x00001224       0xd8 ./FreeRTOS/list.o
 .debug_frame   0x000012fc      0x870 ./FreeRTOS/tasks.o
 .debug_frame   0x00001b6c      0x1a8 ./FreeRTOS/portable/GCC/ARM_CM4F/port.o
 .debug_frame   0x00001d14      0x12c ./FreeRTOS/portable/MemMang/heap_4.o
 .debug_frame   0x00001e40      0x144 D:/App/ST/STM32CubeIDE_1.16.0/STM32CubeIDE/plugins/com.st.stm32cube.ide.mcu.externaltools.gnu-tools-for-stm32.12.3.rel1.win32_1.0.200.202406191623/tools/bin/../lib/gcc/arm-none-eabi/12.3.1/../../../../arm-none-eabi/lib/thumb/v7e-m+fp/hard\libc_nano.a(libc_a-findfp.o)
 .debug_frame   0x00001f84       0x34 D:/App/ST/STM32CubeIDE_1.16.0/STM32CubeIDE/plugins/com.st.stm32cube.ide.mcu.externaltools.gnu-tools-for-stm32.12.3.rel1.win32_1.0.200.202406191623/tools/bin/../lib/gcc/arm-none-eabi/12.3.1/../../../../arm-none-eabi/lib/thumb/v7e-m+fp/hard\libc_nano.a(libc_a-fwalk.o)
 .debug_frame   0x00001fb8       0x3c D:/App/ST/STM32CubeIDE_1.16.0/STM32CubeIDE/plugins/com.st.stm32cube.ide.mcu.externaltools.gnu-tools-for-stm32.12.3.rel1.win32_1.0.200.202406191623/tools/bin/../lib/gcc/arm-none-eabi/12.3.1/../../../../arm-none-eabi/lib/thumb/v7e-m+fp/hard\libc_nano.a(libc_a-puts.o)
 .debug_frame   0x00001ff4       0x88 D:/App/ST/STM32CubeIDE_1.16.0/STM32CubeIDE/plugins/com.st.stm32cube.ide.mcu.externaltools.gnu-tools-for-stm32.12.3.rel1.win32_1.0.200.202406191623/tools/bin/../lib/gcc/arm-none-eabi/12.3.1/../../../../arm-none-eabi/lib/thumb/v7e-m+fp/hard\libc_nano.a(libc_a-stdio.o)
 .debug_frame   0x0000207c       0x40 D:/App/ST/STM32CubeIDE_1.16.0/STM32CubeIDE/plugins/com.st.stm32cube.ide.mcu.externaltools.gnu-tools-for-stm32.12.3.rel1.win32_1.0.200.202406191623/tools/bin/../lib/gcc/arm-none-eabi/12.3.1/../../../../arm-none-eabi/lib/thumb/v7e-m+fp/hard\libc_nano.a(libc_a-wbuf.o)
 .debug_frame   0x000020bc       0x2c D:/App/ST/STM32CubeIDE_1.16.0/STM32CubeIDE/plugins/com.st.stm32cube.ide.mcu.externaltools.gnu-tools-for-stm32.12.3.rel1.win32_1.0.200.202406191623/tools/bin/../lib/gcc/arm-none-eabi/12.3.1/../../../../arm-none-eabi/lib/thumb/v7e-m+fp/hard\libc_nano.a(libc_a-wsetup.o)
 .debug_frame   0x000020e8       0x20 D:/App/ST/STM32CubeIDE_1.16.0/STM32CubeIDE/plugins/com.st.stm32cube.ide.mcu.externaltools.gnu-tools-for-stm32.12.3.rel1.win32_1.0.200.202406191623/tools/bin/../lib/gcc/arm-none-eabi/12.3.1/../../../../arm-none-eabi/lib/thumb/v7e-m+fp/hard\libc_nano.a(libc_a-memset.o)
 .debug_frame   0x00002108       0x2c D:/App/ST/STM32CubeIDE_1.16.0/STM32CubeIDE/plugins/com.st.stm32cube.ide.mcu.externaltools.gnu-tools-for-stm32.12.3.rel1.win32_1.0.200.202406191623/tools/bin/../lib/gcc/arm-none-eabi/12.3.1/../../../../arm-none-eabi/lib/thumb/v7e-m+fp/hard\libc_nano.a(libc_a-closer.o)
 .debug_frame   0x00002134       0x38 D:/App/ST/STM32CubeIDE_1.16.0/STM32CubeIDE/plugins/com.st.stm32cube.ide.mcu.externaltools.gnu-tools-for-stm32.12.3.rel1.win32_1.0.200.202406191623/tools/bin/../lib/gcc/arm-none-eabi/12.3.1/../../../../arm-none-eabi/lib/thumb/v7e-m+fp/hard\libc_nano.a(libc_a-reent.o)
 .debug_frame   0x0000216c       0x2c D:/App/ST/STM32CubeIDE_1.16.0/STM32CubeIDE/plugins/com.st.stm32cube.ide.mcu.externaltools.gnu-tools-for-stm32.12.3.rel1.win32_1.0.200.202406191623/tools/bin/../lib/gcc/arm-none-eabi/12.3.1/../../../../arm-none-eabi/lib/thumb/v7e-m+fp/hard\libc_nano.a(libc_a-lseekr.o)
 .debug_frame   0x00002198       0x2c D:/App/ST/STM32CubeIDE_1.16.0/STM32CubeIDE/plugins/com.st.stm32cube.ide.mcu.externaltools.gnu-tools-for-stm32.12.3.rel1.win32_1.0.200.202406191623/tools/bin/../lib/gcc/arm-none-eabi/12.3.1/../../../../arm-none-eabi/lib/thumb/v7e-m+fp/hard\libc_nano.a(libc_a-readr.o)
 .debug_frame   0x000021c4       0x2c D:/App/ST/STM32CubeIDE_1.16.0/STM32CubeIDE/plugins/com.st.stm32cube.ide.mcu.externaltools.gnu-tools-for-stm32.12.3.rel1.win32_1.0.200.202406191623/tools/bin/../lib/gcc/arm-none-eabi/12.3.1/../../../../arm-none-eabi/lib/thumb/v7e-m+fp/hard\libc_nano.a(libc_a-writer.o)
 .debug_frame   0x000021f0       0x2c D:/App/ST/STM32CubeIDE_1.16.0/STM32CubeIDE/plugins/com.st.stm32cube.ide.mcu.externaltools.gnu-tools-for-stm32.12.3.rel1.win32_1.0.200.202406191623/tools/bin/../lib/gcc/arm-none-eabi/12.3.1/../../../../arm-none-eabi/lib/thumb/v7e-m+fp/hard\libc_nano.a(libc_a-init.o)
 .debug_frame   0x0000221c       0xb0 D:/App/ST/STM32CubeIDE_1.16.0/STM32CubeIDE/plugins/com.st.stm32cube.ide.mcu.externaltools.gnu-tools-for-stm32.12.3.rel1.win32_1.0.200.202406191623/tools/bin/../lib/gcc/arm-none-eabi/12.3.1/../../../../arm-none-eabi/lib/thumb/v7e-m+fp/hard\libc_nano.a(libc_a-lock.o)
 .debug_frame   0x000022cc       0x38 D:/App/ST/STM32CubeIDE_1.16.0/STM32CubeIDE/plugins/com.st.stm32cube.ide.mcu.externaltools.gnu-tools-for-stm32.12.3.rel1.win32_1.0.200.202406191623/tools/bin/../lib/gcc/arm-none-eabi/12.3.1/../../../../arm-none-eabi/lib/thumb/v7e-m+fp/hard\libc_nano.a(libc_a-freer.o)
 .debug_frame   0x00002304       0x50 D:/App/ST/STM32CubeIDE_1.16.0/STM32CubeIDE/plugins/com.st.stm32cube.ide.mcu.externaltools.gnu-tools-for-stm32.12.3.rel1.win32_1.0.200.202406191623/tools/bin/../lib/gcc/arm-none-eabi/12.3.1/../../../../arm-none-eabi/lib/thumb/v7e-m+fp/hard\libc_nano.a(libc_a-mallocr.o)
 .debug_frame   0x00002354       0x30 D:/App/ST/STM32CubeIDE_1.16.0/STM32CubeIDE/plugins/com.st.stm32cube.ide.mcu.externaltools.gnu-tools-for-stm32.12.3.rel1.win32_1.0.200.202406191623/tools/bin/../lib/gcc/arm-none-eabi/12.3.1/../../../../arm-none-eabi/lib/thumb/v7e-m+fp/hard\libc_nano.a(libc_a-mlock.o)
 .debug_frame   0x00002384       0x5c D:/App/ST/STM32CubeIDE_1.16.0/STM32CubeIDE/plugins/com.st.stm32cube.ide.mcu.externaltools.gnu-tools-for-stm32.12.3.rel1.win32_1.0.200.202406191623/tools/bin/../lib/gcc/arm-none-eabi/12.3.1/../../../../arm-none-eabi/lib/thumb/v7e-m+fp/hard\libc_nano.a(libc_a-fflush.o)
 .debug_frame   0x000023e0       0x58 D:/App/ST/STM32CubeIDE_1.16.0/STM32CubeIDE/plugins/com.st.stm32cube.ide.mcu.externaltools.gnu-tools-for-stm32.12.3.rel1.win32_1.0.200.202406191623/tools/bin/../lib/gcc/arm-none-eabi/12.3.1/../../../../arm-none-eabi/lib/thumb/v7e-m+fp/hard\libc_nano.a(libc_a-makebuf.o)
 .debug_frame   0x00002438       0x2c D:/App/ST/STM32CubeIDE_1.16.0/STM32CubeIDE/plugins/com.st.stm32cube.ide.mcu.externaltools.gnu-tools-for-stm32.12.3.rel1.win32_1.0.200.202406191623/tools/bin/../lib/gcc/arm-none-eabi/12.3.1/../../../../arm-none-eabi/lib/thumb/v7e-m+fp/hard\libc_nano.a(libc_a-fstatr.o)
 .debug_frame   0x00002464       0x2c D:/App/ST/STM32CubeIDE_1.16.0/STM32CubeIDE/plugins/com.st.stm32cube.ide.mcu.externaltools.gnu-tools-for-stm32.12.3.rel1.win32_1.0.200.202406191623/tools/bin/../lib/gcc/arm-none-eabi/12.3.1/../../../../arm-none-eabi/lib/thumb/v7e-m+fp/hard\libc_nano.a(libc_a-isattyr.o)
 .debug_frame   0x00002490       0x2c D:/App/ST/STM32CubeIDE_1.16.0/STM32CubeIDE/plugins/com.st.stm32cube.ide.mcu.externaltools.gnu-tools-for-stm32.12.3.rel1.win32_1.0.200.202406191623/tools/bin/../lib/gcc/arm-none-eabi/12.3.1/../../../../arm-none-eabi/lib/thumb/v7e-m+fp/hard\libc_nano.a(libc_a-sbrkr.o)
 .debug_frame   0x000024bc       0x2c D:/App/ST/STM32CubeIDE_1.16.0/STM32CubeIDE/plugins/com.st.stm32cube.ide.mcu.externaltools.gnu-tools-for-stm32.12.3.rel1.win32_1.0.200.202406191623/tools/bin/../lib/gcc/arm-none-eabi/12.3.1/thumb/v7e-m+fp/hard\libgcc.a(_aeabi_uldivmod.o)
 .debug_frame   0x000024e8       0x34 D:/App/ST/STM32CubeIDE_1.16.0/STM32CubeIDE/plugins/com.st.stm32cube.ide.mcu.externaltools.gnu-tools-for-stm32.12.3.rel1.win32_1.0.200.202406191623/tools/bin/../lib/gcc/arm-none-eabi/12.3.1/thumb/v7e-m+fp/hard\libgcc.a(_udivmoddi4.o)
 .debug_frame   0x0000251c       0x20 D:/App/ST/STM32CubeIDE_1.16.0/STM32CubeIDE/plugins/com.st.stm32cube.ide.mcu.externaltools.gnu-tools-for-stm32.12.3.rel1.win32_1.0.200.202406191623/tools/bin/../lib/gcc/arm-none-eabi/12.3.1/../../../../arm-none-eabi/lib/thumb/v7e-m+fp/hard\libnosys.a(sbrk.o)

.debug_line_str
                0x00000000       0x4c
 .debug_line_str
                0x00000000       0x4c ./Core/Startup/startup_stm32f429zitx.o
